******************************************************************************
                  TI ARM Linker PC v18.1.1                     
******************************************************************************
>> Linked Tue Jul 21 22:08:40 2020

OUTPUT FILE NAME:   <motor_test.out>
ENTRY POINT SYMBOL: "_c_int00_noargs"  address: 00000eed


MEMORY CONFIGURATION

         name            origin    length      used     unused   attr    fill
----------------------  --------  ---------  --------  --------  ----  --------
  MAIN                  00000000   00040000  0000100e  0003eff2  R  X
  INFO                  00200000   00004000  00000000  00004000  R  X
  SRAM_CODE             01000000   00010000  00000657  0000f9a9  RW X
  SRAM_DATA             20000000   00010000  00000657  0000f9a9  RW  


SEGMENT ALLOCATION MAP

run origin  load origin   length   init length attrs members
----------  ----------- ---------- ----------- ----- -------
00000000    00000000    00001010   00001010    r-x
  00000000    00000000    000000e4   000000e4    r-- .intvecs
  000000e4    000000e4    00000ed2   00000ed2    r-x .text
  00000fb8    00000fb8    00000020   00000020    r-- .const
  00000fd8    00000fd8    00000038   00000038    r-- .cinit
20000000    20000000    0000045a   00000000    rw-
  20000000    20000000    00000400   00000000    rw- .sysmem
  20000400    20000400    00000039   00000000    rw- .bss
  2000043c    2000043c    0000001e   00000000    rw- .data
2000fe00    2000fe00    00000200   00000000    rw-
  2000fe00    2000fe00    00000200   00000000    rw- .stack


SECTION ALLOCATION MAP

 output                                  attributes/
section   page    origin      length       input sections
--------  ----  ----------  ----------   ----------------
.intvecs   0    00000000    000000e4     
                  00000000    000000e4     startup_msp432p401r_ccs.obj (.intvecs:retain)

.text      0    000000e4    00000ed2     
                  000000e4    000005e4     main.obj (.text)
                  000006c8    000001e0     system_msp432p401r.obj (.text)
                  000008a8    0000013c     Clock.obj (.text)
                  000009e4    00000134     Reflectance.obj (.text)
                  00000b18    00000114     Motor.obj (.text)
                  00000c2c    000000fc     PWM.obj (.text)
                  00000d28    0000009c     rtsv7M4_T_le_v4SPD16_eabi.lib : memcpy_t2.asm.obj (.text)
                  00000dc4    0000007a                                   : memset_t2.asm.obj (.text)
                  00000e3e    00000068                                   : copy_decompress_lzss.c.obj (.text:decompress:lzss:__TI_decompress_lzss)
                  00000ea6    00000002     --HOLE-- [fill = 0]
                  00000ea8    00000044                                   : autoinit.c.obj (.text:__TI_auto_init_nobinit_nopinit:__TI_auto_init_nobinit_nopinit)
                  00000eec    00000038                                   : boot_cortex_m.c.obj (.text:_c_int00_noargs:_c_int00_noargs)
                  00000f24    00000034                                   : strstr.c.obj (.text:strstr)
                  00000f58    00000014                                   : strcpy.c.obj (.text:strcpy)
                  00000f6c    00000014                                   : strlen.c.obj (.text:strlen)
                  00000f80    00000012                                   : copy_zero_init.c.obj (.text:decompress:ZI:__TI_zero_init_nomemset:__TI_zero_init_nomemset)
                  00000f92    0000000e                                   : copy_decompress_none.c.obj (.text:decompress:none:__TI_decompress_none)
                  00000fa0    0000000e     startup_msp432p401r_ccs.obj (.text)
                  00000fae    00000004     rtsv7M4_T_le_v4SPD16_eabi.lib : pre_init.c.obj (.text:_system_pre_init)
                  00000fb2    00000004                                   : exit.c.obj (.text:abort:abort)

.const     0    00000fb8    00000020     
                  00000fb8    00000020     Reflectance.obj (.const:$P$T0$1)

.cinit     0    00000fd8    00000038     
                  00000fd8    0000000d     (.cinit..data.load) [load image, compression = lzss]
                  00000fe5    00000003     --HOLE-- [fill = 0]
                  00000fe8    0000000c     (__TI_handler_table)
                  00000ff4    00000004     --HOLE-- [fill = 0]
                  00000ff8    00000008     (.cinit..bss.load) [load image, compression = zero_init]
                  00001000    00000010     (__TI_cinit_table)

.init_array 
*          0    00000000    00000000     UNINITIALIZED

.binit     0    00000000    00000000     

.sysmem    0    20000000    00000400     UNINITIALIZED
                  20000000    00000008     rtsv7M4_T_le_v4SPD16_eabi.lib : memory.c.obj (.sysmem)
                  20000008    000003f8     --HOLE--

.bss       0    20000400    00000039     UNINITIALIZED
                  20000400    00000034     (.common:path_maze)
                  20000434    00000004     (.common:position)
                  20000438    00000001     (.common:Data)

.data      0    2000043c    0000001e     UNINITIALIZED
                  2000043c    00000018     Clock.obj (.data)
                  20000454    00000004     system_msp432p401r.obj (.data)
                  20000458    00000002     main.obj (.data)

.stack     0    2000fe00    00000200     UNINITIALIZED
                  2000fe00    00000004     rtsv7M4_T_le_v4SPD16_eabi.lib : boot_cortex_m.c.obj (.stack)
                  2000fe04    000001fc     --HOLE--

MODULE SUMMARY

       Module                        code   ro data   rw data
       ------                        ----   -------   -------
    .\
       main.obj                      1508   0         118    
       system_msp432p401r.obj        480    0         8      
       Clock.obj                     316    0         48     
       Reflectance.obj               308    32        0      
       Motor.obj                     276    0         0      
       PWM.obj                       252    0         0      
       startup_msp432p401r_ccs.obj   14     228       0      
    +--+-----------------------------+------+---------+---------+
       Total:                        3154   260       174    
                                                             
    A:\CCS_10\CCS\ccsv8\tools\compiler\ti-cgt-arm_18.1.1.LTS\lib\rtsv7M4_T_le_v4SPD16_eabi.lib
       memcpy_t2.asm.obj             156    0         0      
       memset_t2.asm.obj             122    0         0      
       copy_decompress_lzss.c.obj    104    0         0      
       autoinit.c.obj                68     0         0      
       boot_cortex_m.c.obj           56     0         0      
       strstr.c.obj                  52     0         0      
       strcpy.c.obj                  20     0         0      
       strlen.c.obj                  20     0         0      
       copy_zero_init.c.obj          18     0         0      
       copy_decompress_none.c.obj    14     0         0      
       exit.c.obj                    4      0         0      
       pre_init.c.obj                4      0         0      
    +--+-----------------------------+------+---------+---------+
       Total:                        638    0         0      
                                                             
       Heap:                         0      0         2048   
       Stack:                        0      0         1024   
       Linker Generated:             0      49        0      
    +--+-----------------------------+------+---------+---------+
       Grand Total:                  3792   309       3246   


LINKER GENERATED COPY TABLES

__TI_cinit_table @ 00001000 records: 2, size/record: 8, table size: 16
	.data: load addr=00000fd8, load size=0000000d bytes, run addr=2000043c, run size=0000001e bytes, compression=lzss
	.bss: load addr=00000ff8, load size=00000008 bytes, run addr=20000400, run size=00000039 bytes, compression=zero_init


LINKER GENERATED HANDLER TABLE

__TI_handler_table @ 00000fe8 records: 3, size/record: 4, table size: 12
	index: 0, handler: __TI_decompress_lzss
	index: 1, handler: __TI_decompress_none
	index: 2, handler: __TI_zero_init


GLOBAL SYMBOLS: SORTED ALPHABETICALLY BY Name 

address   name                          
-------   ----                          
00000fad  ADC14_IRQHandler              
00000fad  AES256_IRQHandler             
UNDEFED   Bump_Init                     
UNDEFED   Bump_Read11                   
00000fad  BusFault_Handler              
00000fb3  C$$EXIT                       
00000fad  COMP_E0_IRQHandler            
00000fad  COMP_E1_IRQHandler            
20000444  CPMwait                       
00000fad  CS_IRQHandler                 
2000043c  ClockFrequency                
00000999  Clock_Delay1ms                
00000997  Clock_Delay1us                
00000991  Clock_GetFreq                 
000008af  Clock_Init48MHz               
20000450  Crystalstable                 
00000fad  DMA_ERR_IRQHandler            
00000fad  DMA_INT0_IRQHandler           
00000fad  DMA_INT1_IRQHandler           
00000fad  DMA_INT2_IRQHandler           
00000fad  DMA_INT3_IRQHandler           
20000438  Data                          
00000fad  DebugMon_Handler              
00000fad  Default_Handler               
00000fad  EUSCIA0_IRQHandler            
00000fad  EUSCIA1_IRQHandler            
00000fad  EUSCIA2_IRQHandler            
00000fad  EUSCIA3_IRQHandler            
00000fad  EUSCIB0_IRQHandler            
00000fad  EUSCIB1_IRQHandler            
00000fad  EUSCIB2_IRQHandler            
00000fad  EUSCIB3_IRQHandler            
00000fad  FLCTL_IRQHandler              
00000fad  FPU_IRQHandler                
00000fad  HardFault_Handler             
2000044c  IFlags                        
UNDEFED   LaunchPad_Init                
UNDEFED   LaunchPad_Input               
00000fad  MemManage_Handler             
00000c03  Motor_Backward                
00000be1  Motor_Forward                 
00000b8d  Motor_Init                    
00000b63  Motor_Left                    
00000b39  Motor_Right                   
00000b19  Motor_Stop                    
00000fad  NMI_Handler                   
00000fad  PCM_IRQHandler                
00000fad  PORT1_IRQHandler              
00000fad  PORT2_IRQHandler              
00000fad  PORT3_IRQHandler              
00000fad  PORT4_IRQHandler              
00000fad  PORT5_IRQHandler              
00000fad  PORT6_IRQHandler              
00000fad  PSS_IRQHandler                
00000d15  PWM_Duty1                     
00000d09  PWM_Duty2                     
00000cfd  PWM_Duty3                     
00000cf1  PWM_Duty4                     
00000cb5  PWM_Init1                     
00000c71  PWM_Init12                    
00000c2d  PWM_Init34                    
00000fad  PendSV_Handler                
20000448  Postwait                      
20000440  Prewait                       
0000044d  RFL_2                         
00000fad  RTC_C_IRQHandler              
00000add  Reflectance_Center            
00000acd  Reflectance_End               
00000aad  Reflectance_Init              
00000a41  Reflectance_Position          
00000a0d  Reflectance_Read              
000009e5  Reflectance_Start             
000003ed  ReplaceSubStr                 
00000fa1  Reset_Handler                 
00000fad  SVC_Handler                   
00000fad  SysTick_Handler               
20000454  SystemCoreClock               
0000071f  SystemCoreClockUpdate         
000006c9  SystemInit                    
00000fad  T32_INT1_IRQHandler           
00000fad  T32_INT2_IRQHandler           
00000fad  T32_INTC_IRQHandler           
00000fad  TA0_0_IRQHandler              
00000fad  TA0_N_IRQHandler              
00000fad  TA1_0_IRQHandler              
00000fad  TA1_N_IRQHandler              
00000fad  TA2_0_IRQHandler              
00000fad  TA2_N_IRQHandler              
00000fad  TA3_0_IRQHandler              
00000fad  TA3_N_IRQHandler              
000000e5  TimedPause                    
00000fad  UsageFault_Handler            
4000480c  WDTCTL_SYM                    
00000fad  WDT_A_IRQHandler              
20010000  __STACK_END                   
00000200  __STACK_SIZE                  
00000400  __SYSMEM_SIZE                 
00001000  __TI_CINIT_Base               
00001010  __TI_CINIT_Limit              
00000fe8  __TI_Handler_Table_Base       
00000ff4  __TI_Handler_Table_Limit      
00000ea9  __TI_auto_init_nobinit_nopinit
00000e3f  __TI_decompress_lzss          
00000f93  __TI_decompress_none          
ffffffff  __TI_pprof_out_hndl           
ffffffff  __TI_prof_data_size           
ffffffff  __TI_prof_data_start          
00000000  __TI_static_base__            
00000f81  __TI_zero_init_nomemset       
00000dc5  __aeabi_memclr                
00000dc5  __aeabi_memclr4               
00000dc5  __aeabi_memclr8               
00000d29  __aeabi_memcpy                
00000d29  __aeabi_memcpy4               
00000d29  __aeabi_memcpy8               
00000dc7  __aeabi_memset                
00000dc7  __aeabi_memset4               
00000dc7  __aeabi_memset8               
ffffffff  __binit__                     
ffffffff  __c_args__                    
UNDEFED   __mpu_init                    
2000fe00  __stack                       
00000eed  _c_int00_noargs               
20000000  _sys_memory                   
UNDEFED   _system_post_cinit            
00000faf  _system_pre_init              
00000fb3  abort                         
ffffffff  binit                         
000003c3  bumprun1                      
000008a9  delay                         
0000066d  endstop                       
20000459  flag                          
20000458  ii                            
00000000  interruptVectors              
00000575  main                          
00000d29  memcpy                        
00000dcd  memset                        
20000400  path_maze                     
20000434  position                      
0000037b  ref_left                      
00000333  ref_right                     
00000303  ref_turn_around               
000000f1  reflactance                   
00000f59  strcpy                        
00000f6d  strlen                        
00000f25  strstr                        


GLOBAL SYMBOLS: SORTED BY Symbol Address 

address   name                          
-------   ----                          
00000000  __TI_static_base__            
00000000  interruptVectors              
000000e5  TimedPause                    
000000f1  reflactance                   
00000200  __STACK_SIZE                  
00000303  ref_turn_around               
00000333  ref_right                     
0000037b  ref_left                      
000003c3  bumprun1                      
000003ed  ReplaceSubStr                 
00000400  __SYSMEM_SIZE                 
0000044d  RFL_2                         
00000575  main                          
0000066d  endstop                       
000006c9  SystemInit                    
0000071f  SystemCoreClockUpdate         
000008a9  delay                         
000008af  Clock_Init48MHz               
00000991  Clock_GetFreq                 
00000997  Clock_Delay1us                
00000999  Clock_Delay1ms                
000009e5  Reflectance_Start             
00000a0d  Reflectance_Read              
00000a41  Reflectance_Position          
00000aad  Reflectance_Init              
00000acd  Reflectance_End               
00000add  Reflectance_Center            
00000b19  Motor_Stop                    
00000b39  Motor_Right                   
00000b63  Motor_Left                    
00000b8d  Motor_Init                    
00000be1  Motor_Forward                 
00000c03  Motor_Backward                
00000c2d  PWM_Init34                    
00000c71  PWM_Init12                    
00000cb5  PWM_Init1                     
00000cf1  PWM_Duty4                     
00000cfd  PWM_Duty3                     
00000d09  PWM_Duty2                     
00000d15  PWM_Duty1                     
00000d29  __aeabi_memcpy                
00000d29  __aeabi_memcpy4               
00000d29  __aeabi_memcpy8               
00000d29  memcpy                        
00000dc5  __aeabi_memclr                
00000dc5  __aeabi_memclr4               
00000dc5  __aeabi_memclr8               
00000dc7  __aeabi_memset                
00000dc7  __aeabi_memset4               
00000dc7  __aeabi_memset8               
00000dcd  memset                        
00000e3f  __TI_decompress_lzss          
00000ea9  __TI_auto_init_nobinit_nopinit
00000eed  _c_int00_noargs               
00000f25  strstr                        
00000f59  strcpy                        
00000f6d  strlen                        
00000f81  __TI_zero_init_nomemset       
00000f93  __TI_decompress_none          
00000fa1  Reset_Handler                 
00000fad  ADC14_IRQHandler              
00000fad  AES256_IRQHandler             
00000fad  BusFault_Handler              
00000fad  COMP_E0_IRQHandler            
00000fad  COMP_E1_IRQHandler            
00000fad  CS_IRQHandler                 
00000fad  DMA_ERR_IRQHandler            
00000fad  DMA_INT0_IRQHandler           
00000fad  DMA_INT1_IRQHandler           
00000fad  DMA_INT2_IRQHandler           
00000fad  DMA_INT3_IRQHandler           
00000fad  DebugMon_Handler              
00000fad  Default_Handler               
00000fad  EUSCIA0_IRQHandler            
00000fad  EUSCIA1_IRQHandler            
00000fad  EUSCIA2_IRQHandler            
00000fad  EUSCIA3_IRQHandler            
00000fad  EUSCIB0_IRQHandler            
00000fad  EUSCIB1_IRQHandler            
00000fad  EUSCIB2_IRQHandler            
00000fad  EUSCIB3_IRQHandler            
00000fad  FLCTL_IRQHandler              
00000fad  FPU_IRQHandler                
00000fad  HardFault_Handler             
00000fad  MemManage_Handler             
00000fad  NMI_Handler                   
00000fad  PCM_IRQHandler                
00000fad  PORT1_IRQHandler              
00000fad  PORT2_IRQHandler              
00000fad  PORT3_IRQHandler              
00000fad  PORT4_IRQHandler              
00000fad  PORT5_IRQHandler              
00000fad  PORT6_IRQHandler              
00000fad  PSS_IRQHandler                
00000fad  PendSV_Handler                
00000fad  RTC_C_IRQHandler              
00000fad  SVC_Handler                   
00000fad  SysTick_Handler               
00000fad  T32_INT1_IRQHandler           
00000fad  T32_INT2_IRQHandler           
00000fad  T32_INTC_IRQHandler           
00000fad  TA0_0_IRQHandler              
00000fad  TA0_N_IRQHandler              
00000fad  TA1_0_IRQHandler              
00000fad  TA1_N_IRQHandler              
00000fad  TA2_0_IRQHandler              
00000fad  TA2_N_IRQHandler              
00000fad  TA3_0_IRQHandler              
00000fad  TA3_N_IRQHandler              
00000fad  UsageFault_Handler            
00000fad  WDT_A_IRQHandler              
00000faf  _system_pre_init              
00000fb3  C$$EXIT                       
00000fb3  abort                         
00000fe8  __TI_Handler_Table_Base       
00000ff4  __TI_Handler_Table_Limit      
00001000  __TI_CINIT_Base               
00001010  __TI_CINIT_Limit              
20000000  _sys_memory                   
20000400  path_maze                     
20000434  position                      
20000438  Data                          
2000043c  ClockFrequency                
20000440  Prewait                       
20000444  CPMwait                       
20000448  Postwait                      
2000044c  IFlags                        
20000450  Crystalstable                 
20000454  SystemCoreClock               
20000458  ii                            
20000459  flag                          
2000fe00  __stack                       
20010000  __STACK_END                   
4000480c  WDTCTL_SYM                    
ffffffff  __TI_pprof_out_hndl           
ffffffff  __TI_prof_data_size           
ffffffff  __TI_prof_data_start          
ffffffff  __binit__                     
ffffffff  __c_args__                    
ffffffff  binit                         
UNDEFED   Bump_Init                     
UNDEFED   Bump_Read11                   
UNDEFED   LaunchPad_Init                
UNDEFED   LaunchPad_Input               
UNDEFED   __mpu_init                    
UNDEFED   _system_post_cinit            

[146 symbols]
