<?xml version="1.0" encoding="ISO-8859-1" ?>
<link_info>
   <banner>TI ARM Linker PC v18.1.1.LTS</banner>
   <copyright>Copyright (c) 1996-2017 Texas Instruments Incorporated</copyright>
   <link_time>0x5f1bb86f</link_time>
   <link_errors>0x0</link_errors>
   <output_file>motor_test.out</output_file>
   <entry_point>
      <name>_c_int00_noargs</name>
      <address>0x42c1</address>
   </entry_point>
   <input_file_list>
      <input_file id="fl-2">
         <path>.\</path>
         <kind>object</kind>
         <file>Bump.obj</file>
         <name>Bump.obj</name>
      </input_file>
      <input_file id="fl-3">
         <path>.\</path>
         <kind>object</kind>
         <file>Clock.obj</file>
         <name>Clock.obj</name>
      </input_file>
      <input_file id="fl-4">
         <path>.\</path>
         <kind>object</kind>
         <file>CortexM.obj</file>
         <name>CortexM.obj</name>
      </input_file>
      <input_file id="fl-5">
         <path>.\</path>
         <kind>object</kind>
         <file>LaunchPad.obj</file>
         <name>LaunchPad.obj</name>
      </input_file>
      <input_file id="fl-6">
         <path>.\</path>
         <kind>object</kind>
         <file>Motor.obj</file>
         <name>Motor.obj</name>
      </input_file>
      <input_file id="fl-7">
         <path>.\</path>
         <kind>object</kind>
         <file>PWM.obj</file>
         <name>PWM.obj</name>
      </input_file>
      <input_file id="fl-8">
         <path>.\</path>
         <kind>object</kind>
         <file>Reflectance.obj</file>
         <name>Reflectance.obj</name>
      </input_file>
      <input_file id="fl-9">
         <path>.\</path>
         <kind>object</kind>
         <file>UART0.obj</file>
         <name>UART0.obj</name>
      </input_file>
      <input_file id="fl-a">
         <path>.\</path>
         <kind>object</kind>
         <file>main.obj</file>
         <name>main.obj</name>
      </input_file>
      <input_file id="fl-b">
         <path>.\</path>
         <kind>object</kind>
         <file>startup_msp432p401r_ccs.obj</file>
         <name>startup_msp432p401r_ccs.obj</name>
      </input_file>
      <input_file id="fl-c">
         <path>.\</path>
         <kind>object</kind>
         <file>system_msp432p401r.obj</file>
         <name>system_msp432p401r.obj</name>
      </input_file>
      <input_file id="fl-10">
         <kind>object</kind>
         <file>&lt;internal&gt;</file>
         <name>&lt;internal&gt;</name>
      </input_file>
      <input_file id="fl-c6">
         <path>A:\CCS_10\CCS\ccsv8\tools\compiler\ti-cgt-arm_18.1.1.LTS\lib\</path>
         <kind>archive</kind>
         <file>rtsv7M4_T_le_v4SPD16_eabi.lib</file>
         <name>memcpy_t2.asm.obj</name>
      </input_file>
      <input_file id="fl-c7">
         <path>A:\CCS_10\CCS\ccsv8\tools\compiler\ti-cgt-arm_18.1.1.LTS\lib\</path>
         <kind>archive</kind>
         <file>rtsv7M4_T_le_v4SPD16_eabi.lib</file>
         <name>memset_t2.asm.obj</name>
      </input_file>
      <input_file id="fl-c8">
         <path>A:\CCS_10\CCS\ccsv8\tools\compiler\ti-cgt-arm_18.1.1.LTS\lib\</path>
         <kind>archive</kind>
         <file>rtsv7M4_T_le_v4SPD16_eabi.lib</file>
         <name>copy_zero_init.c.obj</name>
      </input_file>
      <input_file id="fl-c9">
         <path>A:\CCS_10\CCS\ccsv8\tools\compiler\ti-cgt-arm_18.1.1.LTS\lib\</path>
         <kind>archive</kind>
         <file>rtsv7M4_T_le_v4SPD16_eabi.lib</file>
         <name>copy_decompress_none.c.obj</name>
      </input_file>
      <input_file id="fl-ca">
         <path>A:\CCS_10\CCS\ccsv8\tools\compiler\ti-cgt-arm_18.1.1.LTS\lib\</path>
         <kind>archive</kind>
         <file>rtsv7M4_T_le_v4SPD16_eabi.lib</file>
         <name>copy_decompress_lzss.c.obj</name>
      </input_file>
      <input_file id="fl-cb">
         <path>A:\CCS_10\CCS\ccsv8\tools\compiler\ti-cgt-arm_18.1.1.LTS\lib\</path>
         <kind>archive</kind>
         <file>rtsv7M4_T_le_v4SPD16_eabi.lib</file>
         <name>boot_cortex_m.c.obj</name>
      </input_file>
      <input_file id="fl-cc">
         <path>A:\CCS_10\CCS\ccsv8\tools\compiler\ti-cgt-arm_18.1.1.LTS\lib\</path>
         <kind>archive</kind>
         <file>rtsv7M4_T_le_v4SPD16_eabi.lib</file>
         <name>exit.c.obj</name>
      </input_file>
      <input_file id="fl-cd">
         <path>A:\CCS_10\CCS\ccsv8\tools\compiler\ti-cgt-arm_18.1.1.LTS\lib\</path>
         <kind>archive</kind>
         <file>rtsv7M4_T_le_v4SPD16_eabi.lib</file>
         <name>_lock.c.obj</name>
      </input_file>
      <input_file id="fl-ce">
         <path>A:\CCS_10\CCS\ccsv8\tools\compiler\ti-cgt-arm_18.1.1.LTS\lib\</path>
         <kind>archive</kind>
         <file>rtsv7M4_T_le_v4SPD16_eabi.lib</file>
         <name>add_device.c.obj</name>
      </input_file>
      <input_file id="fl-cf">
         <path>A:\CCS_10\CCS\ccsv8\tools\compiler\ti-cgt-arm_18.1.1.LTS\lib\</path>
         <kind>archive</kind>
         <file>rtsv7M4_T_le_v4SPD16_eabi.lib</file>
         <name>args_main.c.obj</name>
      </input_file>
      <input_file id="fl-d0">
         <path>A:\CCS_10\CCS\ccsv8\tools\compiler\ti-cgt-arm_18.1.1.LTS\lib\</path>
         <kind>archive</kind>
         <file>rtsv7M4_T_le_v4SPD16_eabi.lib</file>
         <name>defs.c.obj</name>
      </input_file>
      <input_file id="fl-d1">
         <path>A:\CCS_10\CCS\ccsv8\tools\compiler\ti-cgt-arm_18.1.1.LTS\lib\</path>
         <kind>archive</kind>
         <file>rtsv7M4_T_le_v4SPD16_eabi.lib</file>
         <name>fopen.c.obj</name>
      </input_file>
      <input_file id="fl-d2">
         <path>A:\CCS_10\CCS\ccsv8\tools\compiler\ti-cgt-arm_18.1.1.LTS\lib\</path>
         <kind>archive</kind>
         <file>rtsv7M4_T_le_v4SPD16_eabi.lib</file>
         <name>getdevice.c.obj</name>
      </input_file>
      <input_file id="fl-d3">
         <path>A:\CCS_10\CCS\ccsv8\tools\compiler\ti-cgt-arm_18.1.1.LTS\lib\</path>
         <kind>archive</kind>
         <file>rtsv7M4_T_le_v4SPD16_eabi.lib</file>
         <name>open.c.obj</name>
      </input_file>
      <input_file id="fl-d4">
         <path>A:\CCS_10\CCS\ccsv8\tools\compiler\ti-cgt-arm_18.1.1.LTS\lib\</path>
         <kind>archive</kind>
         <file>rtsv7M4_T_le_v4SPD16_eabi.lib</file>
         <name>printf.c.obj</name>
      </input_file>
      <input_file id="fl-d5">
         <path>A:\CCS_10\CCS\ccsv8\tools\compiler\ti-cgt-arm_18.1.1.LTS\lib\</path>
         <kind>archive</kind>
         <file>rtsv7M4_T_le_v4SPD16_eabi.lib</file>
         <name>setvbuf.c.obj</name>
      </input_file>
      <input_file id="fl-d6">
         <path>A:\CCS_10\CCS\ccsv8\tools\compiler\ti-cgt-arm_18.1.1.LTS\lib\</path>
         <kind>archive</kind>
         <file>rtsv7M4_T_le_v4SPD16_eabi.lib</file>
         <name>strchr.c.obj</name>
      </input_file>
      <input_file id="fl-d7">
         <path>A:\CCS_10\CCS\ccsv8\tools\compiler\ti-cgt-arm_18.1.1.LTS\lib\</path>
         <kind>archive</kind>
         <file>rtsv7M4_T_le_v4SPD16_eabi.lib</file>
         <name>strcmp.c.obj</name>
      </input_file>
      <input_file id="fl-d8">
         <path>A:\CCS_10\CCS\ccsv8\tools\compiler\ti-cgt-arm_18.1.1.LTS\lib\</path>
         <kind>archive</kind>
         <file>rtsv7M4_T_le_v4SPD16_eabi.lib</file>
         <name>strcpy.c.obj</name>
      </input_file>
      <input_file id="fl-d9">
         <path>A:\CCS_10\CCS\ccsv8\tools\compiler\ti-cgt-arm_18.1.1.LTS\lib\</path>
         <kind>archive</kind>
         <file>rtsv7M4_T_le_v4SPD16_eabi.lib</file>
         <name>strlen.c.obj</name>
      </input_file>
      <input_file id="fl-da">
         <path>A:\CCS_10\CCS\ccsv8\tools\compiler\ti-cgt-arm_18.1.1.LTS\lib\</path>
         <kind>archive</kind>
         <file>rtsv7M4_T_le_v4SPD16_eabi.lib</file>
         <name>strncpy.c.obj</name>
      </input_file>
      <input_file id="fl-db">
         <path>A:\CCS_10\CCS\ccsv8\tools\compiler\ti-cgt-arm_18.1.1.LTS\lib\</path>
         <kind>archive</kind>
         <file>rtsv7M4_T_le_v4SPD16_eabi.lib</file>
         <name>strstr.c.obj</name>
      </input_file>
      <input_file id="fl-dc">
         <path>A:\CCS_10\CCS\ccsv8\tools\compiler\ti-cgt-arm_18.1.1.LTS\lib\</path>
         <kind>archive</kind>
         <file>rtsv7M4_T_le_v4SPD16_eabi.lib</file>
         <name>write.c.obj</name>
      </input_file>
      <input_file id="fl-dd">
         <path>A:\CCS_10\CCS\ccsv8\tools\compiler\ti-cgt-arm_18.1.1.LTS\lib\</path>
         <kind>archive</kind>
         <file>rtsv7M4_T_le_v4SPD16_eabi.lib</file>
         <name>autoinit.c.obj</name>
      </input_file>
      <input_file id="fl-de">
         <path>A:\CCS_10\CCS\ccsv8\tools\compiler\ti-cgt-arm_18.1.1.LTS\lib\</path>
         <kind>archive</kind>
         <file>rtsv7M4_T_le_v4SPD16_eabi.lib</file>
         <name>pre_init.c.obj</name>
      </input_file>
      <input_file id="fl-df">
         <path>A:\CCS_10\CCS\ccsv8\tools\compiler\ti-cgt-arm_18.1.1.LTS\lib\</path>
         <kind>archive</kind>
         <file>rtsv7M4_T_le_v4SPD16_eabi.lib</file>
         <name>cpy_tbl.c.obj</name>
      </input_file>
      <input_file id="fl-e0">
         <path>A:\CCS_10\CCS\ccsv8\tools\compiler\ti-cgt-arm_18.1.1.LTS\lib\</path>
         <kind>archive</kind>
         <file>rtsv7M4_T_le_v4SPD16_eabi.lib</file>
         <name>memory.c.obj</name>
      </input_file>
      <input_file id="fl-e1">
         <path>A:\CCS_10\CCS\ccsv8\tools\compiler\ti-cgt-arm_18.1.1.LTS\lib\</path>
         <kind>archive</kind>
         <file>rtsv7M4_T_le_v4SPD16_eabi.lib</file>
         <name>_printfi.c.obj</name>
      </input_file>
      <input_file id="fl-e2">
         <path>A:\CCS_10\CCS\ccsv8\tools\compiler\ti-cgt-arm_18.1.1.LTS\lib\</path>
         <kind>archive</kind>
         <file>rtsv7M4_T_le_v4SPD16_eabi.lib</file>
         <name>atoi.c.obj</name>
      </input_file>
      <input_file id="fl-e3">
         <path>A:\CCS_10\CCS\ccsv8\tools\compiler\ti-cgt-arm_18.1.1.LTS\lib\</path>
         <kind>archive</kind>
         <file>rtsv7M4_T_le_v4SPD16_eabi.lib</file>
         <name>ctype.c.obj</name>
      </input_file>
      <input_file id="fl-e4">
         <path>A:\CCS_10\CCS\ccsv8\tools\compiler\ti-cgt-arm_18.1.1.LTS\lib\</path>
         <kind>archive</kind>
         <file>rtsv7M4_T_le_v4SPD16_eabi.lib</file>
         <name>fclose.c.obj</name>
      </input_file>
      <input_file id="fl-e5">
         <path>A:\CCS_10\CCS\ccsv8\tools\compiler\ti-cgt-arm_18.1.1.LTS\lib\</path>
         <kind>archive</kind>
         <file>rtsv7M4_T_le_v4SPD16_eabi.lib</file>
         <name>fflush.c.obj</name>
      </input_file>
      <input_file id="fl-e6">
         <path>A:\CCS_10\CCS\ccsv8\tools\compiler\ti-cgt-arm_18.1.1.LTS\lib\</path>
         <kind>archive</kind>
         <file>rtsv7M4_T_le_v4SPD16_eabi.lib</file>
         <name>fputc.c.obj</name>
      </input_file>
      <input_file id="fl-e7">
         <path>A:\CCS_10\CCS\ccsv8\tools\compiler\ti-cgt-arm_18.1.1.LTS\lib\</path>
         <kind>archive</kind>
         <file>rtsv7M4_T_le_v4SPD16_eabi.lib</file>
         <name>fputs.c.obj</name>
      </input_file>
      <input_file id="fl-e8">
         <path>A:\CCS_10\CCS\ccsv8\tools\compiler\ti-cgt-arm_18.1.1.LTS\lib\</path>
         <kind>archive</kind>
         <file>rtsv7M4_T_le_v4SPD16_eabi.lib</file>
         <name>ltoa.c.obj</name>
      </input_file>
      <input_file id="fl-e9">
         <path>A:\CCS_10\CCS\ccsv8\tools\compiler\ti-cgt-arm_18.1.1.LTS\lib\</path>
         <kind>archive</kind>
         <file>rtsv7M4_T_le_v4SPD16_eabi.lib</file>
         <name>memccpy.c.obj</name>
      </input_file>
      <input_file id="fl-ea">
         <path>A:\CCS_10\CCS\ccsv8\tools\compiler\ti-cgt-arm_18.1.1.LTS\lib\</path>
         <kind>archive</kind>
         <file>rtsv7M4_T_le_v4SPD16_eabi.lib</file>
         <name>memchr.c.obj</name>
      </input_file>
      <input_file id="fl-eb">
         <path>A:\CCS_10\CCS\ccsv8\tools\compiler\ti-cgt-arm_18.1.1.LTS\lib\</path>
         <kind>archive</kind>
         <file>rtsv7M4_T_le_v4SPD16_eabi.lib</file>
         <name>remove.c.obj</name>
      </input_file>
      <input_file id="fl-ec">
         <path>A:\CCS_10\CCS\ccsv8\tools\compiler\ti-cgt-arm_18.1.1.LTS\lib\</path>
         <kind>archive</kind>
         <file>rtsv7M4_T_le_v4SPD16_eabi.lib</file>
         <name>hostclose.c.obj</name>
      </input_file>
      <input_file id="fl-ed">
         <path>A:\CCS_10\CCS\ccsv8\tools\compiler\ti-cgt-arm_18.1.1.LTS\lib\</path>
         <kind>archive</kind>
         <file>rtsv7M4_T_le_v4SPD16_eabi.lib</file>
         <name>hostlseek.c.obj</name>
      </input_file>
      <input_file id="fl-ee">
         <path>A:\CCS_10\CCS\ccsv8\tools\compiler\ti-cgt-arm_18.1.1.LTS\lib\</path>
         <kind>archive</kind>
         <file>rtsv7M4_T_le_v4SPD16_eabi.lib</file>
         <name>hostopen.c.obj</name>
      </input_file>
      <input_file id="fl-ef">
         <path>A:\CCS_10\CCS\ccsv8\tools\compiler\ti-cgt-arm_18.1.1.LTS\lib\</path>
         <kind>archive</kind>
         <file>rtsv7M4_T_le_v4SPD16_eabi.lib</file>
         <name>hostread.c.obj</name>
      </input_file>
      <input_file id="fl-f0">
         <path>A:\CCS_10\CCS\ccsv8\tools\compiler\ti-cgt-arm_18.1.1.LTS\lib\</path>
         <kind>archive</kind>
         <file>rtsv7M4_T_le_v4SPD16_eabi.lib</file>
         <name>hostrename.c.obj</name>
      </input_file>
      <input_file id="fl-f1">
         <path>A:\CCS_10\CCS\ccsv8\tools\compiler\ti-cgt-arm_18.1.1.LTS\lib\</path>
         <kind>archive</kind>
         <file>rtsv7M4_T_le_v4SPD16_eabi.lib</file>
         <name>hostunlink.c.obj</name>
      </input_file>
      <input_file id="fl-f2">
         <path>A:\CCS_10\CCS\ccsv8\tools\compiler\ti-cgt-arm_18.1.1.LTS\lib\</path>
         <kind>archive</kind>
         <file>rtsv7M4_T_le_v4SPD16_eabi.lib</file>
         <name>hostwrite.c.obj</name>
      </input_file>
      <input_file id="fl-f3">
         <path>A:\CCS_10\CCS\ccsv8\tools\compiler\ti-cgt-arm_18.1.1.LTS\lib\</path>
         <kind>archive</kind>
         <file>rtsv7M4_T_le_v4SPD16_eabi.lib</file>
         <name>trgmsg.c.obj</name>
      </input_file>
      <input_file id="fl-f4">
         <path>A:\CCS_10\CCS\ccsv8\tools\compiler\ti-cgt-arm_18.1.1.LTS\lib\</path>
         <kind>archive</kind>
         <file>rtsv7M4_T_le_v4SPD16_eabi.lib</file>
         <name>unlink.c.obj</name>
      </input_file>
      <input_file id="fl-f5">
         <path>A:\CCS_10\CCS\ccsv8\tools\compiler\ti-cgt-arm_18.1.1.LTS\lib\</path>
         <kind>archive</kind>
         <file>rtsv7M4_T_le_v4SPD16_eabi.lib</file>
         <name>s_frexp.c.obj</name>
      </input_file>
      <input_file id="fl-f6">
         <path>A:\CCS_10\CCS\ccsv8\tools\compiler\ti-cgt-arm_18.1.1.LTS\lib\</path>
         <kind>archive</kind>
         <file>rtsv7M4_T_le_v4SPD16_eabi.lib</file>
         <name>s_scalbn.c.obj</name>
      </input_file>
      <input_file id="fl-f7">
         <path>A:\CCS_10\CCS\ccsv8\tools\compiler\ti-cgt-arm_18.1.1.LTS\lib\</path>
         <kind>archive</kind>
         <file>rtsv7M4_T_le_v4SPD16_eabi.lib</file>
         <name>s_copysign.c.obj</name>
      </input_file>
      <input_file id="fl-f8">
         <path>A:\CCS_10\CCS\ccsv8\tools\compiler\ti-cgt-arm_18.1.1.LTS\lib\</path>
         <kind>archive</kind>
         <file>rtsv7M4_T_le_v4SPD16_eabi.lib</file>
         <name>wcslen.c.obj</name>
      </input_file>
      <input_file id="fl-f9">
         <path>A:\CCS_10\CCS\ccsv8\tools\compiler\ti-cgt-arm_18.1.1.LTS\lib\</path>
         <kind>archive</kind>
         <file>rtsv7M4_T_le_v4SPD16_eabi.lib</file>
         <name>fd_add_t2.asm.obj</name>
      </input_file>
      <input_file id="fl-fa">
         <path>A:\CCS_10\CCS\ccsv8\tools\compiler\ti-cgt-arm_18.1.1.LTS\lib\</path>
         <kind>archive</kind>
         <file>rtsv7M4_T_le_v4SPD16_eabi.lib</file>
         <name>fd_cmp_t2.asm.obj</name>
      </input_file>
      <input_file id="fl-fb">
         <path>A:\CCS_10\CCS\ccsv8\tools\compiler\ti-cgt-arm_18.1.1.LTS\lib\</path>
         <kind>archive</kind>
         <file>rtsv7M4_T_le_v4SPD16_eabi.lib</file>
         <name>fd_div_t2.asm.obj</name>
      </input_file>
      <input_file id="fl-fc">
         <path>A:\CCS_10\CCS\ccsv8\tools\compiler\ti-cgt-arm_18.1.1.LTS\lib\</path>
         <kind>archive</kind>
         <file>rtsv7M4_T_le_v4SPD16_eabi.lib</file>
         <name>fd_mul_t2.asm.obj</name>
      </input_file>
      <input_file id="fl-fd">
         <path>A:\CCS_10\CCS\ccsv8\tools\compiler\ti-cgt-arm_18.1.1.LTS\lib\</path>
         <kind>archive</kind>
         <file>rtsv7M4_T_le_v4SPD16_eabi.lib</file>
         <name>fd_toi_t2.asm.obj</name>
      </input_file>
      <input_file id="fl-fe">
         <path>A:\CCS_10\CCS\ccsv8\tools\compiler\ti-cgt-arm_18.1.1.LTS\lib\</path>
         <kind>archive</kind>
         <file>rtsv7M4_T_le_v4SPD16_eabi.lib</file>
         <name>i_tofd_t2.asm.obj</name>
      </input_file>
      <input_file id="fl-ff">
         <path>A:\CCS_10\CCS\ccsv8\tools\compiler\ti-cgt-arm_18.1.1.LTS\lib\</path>
         <kind>archive</kind>
         <file>rtsv7M4_T_le_v4SPD16_eabi.lib</file>
         <name>ull_div_t2.asm.obj</name>
      </input_file>
      <input_file id="fl-100">
         <path>A:\CCS_10\CCS\ccsv8\tools\compiler\ti-cgt-arm_18.1.1.LTS\lib\</path>
         <kind>archive</kind>
         <file>rtsv7M4_T_le_v4SPD16_eabi.lib</file>
         <name>errno.c.obj</name>
      </input_file>
      <input_file id="fl-101">
         <path>A:\CCS_10\CCS\ccsv8\tools\compiler\ti-cgt-arm_18.1.1.LTS\lib\</path>
         <kind>archive</kind>
         <file>rtsv7M4_T_le_v4SPD16_eabi.lib</file>
         <name>_io_perm.c.obj</name>
      </input_file>
      <input_file id="fl-102">
         <path>A:\CCS_10\CCS\ccsv8\tools\compiler\ti-cgt-arm_18.1.1.LTS\lib\</path>
         <kind>archive</kind>
         <file>rtsv7M4_T_le_v4SPD16_eabi.lib</file>
         <name>close.c.obj</name>
      </input_file>
      <input_file id="fl-103">
         <path>A:\CCS_10\CCS\ccsv8\tools\compiler\ti-cgt-arm_18.1.1.LTS\lib\</path>
         <kind>archive</kind>
         <file>rtsv7M4_T_le_v4SPD16_eabi.lib</file>
         <name>fseek.c.obj</name>
      </input_file>
      <input_file id="fl-104">
         <path>A:\CCS_10\CCS\ccsv8\tools\compiler\ti-cgt-arm_18.1.1.LTS\lib\</path>
         <kind>archive</kind>
         <file>rtsv7M4_T_le_v4SPD16_eabi.lib</file>
         <name>lseek.c.obj</name>
      </input_file>
      <input_file id="fl-105">
         <path>A:\CCS_10\CCS\ccsv8\tools\compiler\ti-cgt-arm_18.1.1.LTS\lib\</path>
         <kind>archive</kind>
         <file>rtsv7M4_T_le_v4SPD16_eabi.lib</file>
         <name>div0.asm.obj</name>
      </input_file>
   </input_file_list>
   <object_component_list>
      <object_component id="oc-23">
         <name>.intvecs:retain</name>
         <load_address>0x0</load_address>
         <run_address>0x0</run_address>
         <size>0xe4</size>
         <input_file_ref idref="fl-b"/>
      </object_component>
      <object_component id="oc-18c">
         <name>.text:__TI_printfi</name>
         <load_address>0xe4</load_address>
         <run_address>0xe4</run_address>
         <size>0xa5e</size>
         <input_file_ref idref="fl-e1"/>
      </object_component>
      <object_component id="oc-27f">
         <name>.text:_nop</name>
         <load_address>0xb42</load_address>
         <run_address>0xb42</run_address>
         <size>0x2</size>
         <input_file_ref idref="fl-cd"/>
      </object_component>
      <object_component id="oc-97">
         <name>.text</name>
         <load_address>0xb44</load_address>
         <run_address>0xb44</run_address>
         <size>0x774</size>
         <input_file_ref idref="fl-a"/>
      </object_component>
      <object_component id="oc-e5">
         <name>.text</name>
         <load_address>0x12b8</load_address>
         <run_address>0x12b8</run_address>
         <size>0x6bc</size>
         <input_file_ref idref="fl-9"/>
      </object_component>
      <object_component id="oc-a9">
         <name>.text</name>
         <load_address>0x1974</load_address>
         <run_address>0x1974</run_address>
         <size>0x334</size>
         <input_file_ref idref="fl-c"/>
      </object_component>
      <object_component id="oc-25b">
         <name>.text:_pconv_a</name>
         <load_address>0x1ca8</load_address>
         <run_address>0x1ca8</run_address>
         <size>0x270</size>
         <input_file_ref idref="fl-e1"/>
      </object_component>
      <object_component id="oc-1a8">
         <name>.text</name>
         <load_address>0x1f18</load_address>
         <run_address>0x1f18</run_address>
         <size>0x228</size>
         <input_file_ref idref="fl-7"/>
      </object_component>
      <object_component id="oc-f1">
         <name>.text</name>
         <load_address>0x2140</load_address>
         <run_address>0x2140</run_address>
         <size>0x1ec</size>
         <input_file_ref idref="fl-8"/>
      </object_component>
      <object_component id="oc-eb">
         <name>.text</name>
         <load_address>0x232c</load_address>
         <run_address>0x232c</run_address>
         <size>0x1e0</size>
         <input_file_ref idref="fl-3"/>
      </object_component>
      <object_component id="oc-249">
         <name>.text:_pconv_g</name>
         <load_address>0x250c</load_address>
         <run_address>0x250c</run_address>
         <size>0x1d0</size>
         <input_file_ref idref="fl-e1"/>
      </object_component>
      <object_component id="oc-360">
         <name>.text</name>
         <load_address>0x26dc</load_address>
         <run_address>0x26dc</run_address>
         <size>0x1b6</size>
         <input_file_ref idref="fl-f9"/>
      </object_component>
      <object_component id="oc-419">
         <name>.text</name>
         <load_address>0x2892</load_address>
         <run_address>0x2892</run_address>
         <size>0x2</size>
         <input_file_ref idref="fl-105"/>
      </object_component>
      <object_component id="oc-fd">
         <name>.text</name>
         <load_address>0x2894</load_address>
         <run_address>0x2894</run_address>
         <size>0x16c</size>
         <input_file_ref idref="fl-6"/>
      </object_component>
      <object_component id="oc-255">
         <name>.text:_pconv_e</name>
         <load_address>0x2a00</load_address>
         <run_address>0x2a00</run_address>
         <size>0x13c</size>
         <input_file_ref idref="fl-e1"/>
      </object_component>
      <object_component id="oc-346">
         <name>.text</name>
         <load_address>0x2b3c</load_address>
         <run_address>0x2b3c</run_address>
         <size>0x136</size>
         <input_file_ref idref="fl-fb"/>
      </object_component>
      <object_component id="oc-372">
         <name>.text:fcvt</name>
         <load_address>0x2c74</load_address>
         <run_address>0x2c74</run_address>
         <size>0x120</size>
         <input_file_ref idref="fl-e1"/>
      </object_component>
      <object_component id="oc-289">
         <name>.text:fputs</name>
         <load_address>0x2d94</load_address>
         <run_address>0x2d94</run_address>
         <size>0x114</size>
         <input_file_ref idref="fl-e7"/>
      </object_component>
      <object_component id="oc-386">
         <name>.text:scalbn</name>
         <load_address>0x2ea8</load_address>
         <run_address>0x2ea8</run_address>
         <size>0x110</size>
         <input_file_ref idref="fl-f6"/>
      </object_component>
      <object_component id="oc-341">
         <name>.text</name>
         <load_address>0x2fb8</load_address>
         <run_address>0x2fb8</run_address>
         <size>0xfc</size>
         <input_file_ref idref="fl-fc"/>
      </object_component>
      <object_component id="oc-174">
         <name>.text:setvbuf</name>
         <load_address>0x30b4</load_address>
         <run_address>0x30b4</run_address>
         <size>0xdc</size>
         <input_file_ref idref="fl-d5"/>
      </object_component>
      <object_component id="oc-210">
         <name>.text:free</name>
         <load_address>0x3190</load_address>
         <run_address>0x3190</run_address>
         <size>0xd8</size>
         <input_file_ref idref="fl-e0"/>
      </object_component>
      <object_component id="oc-1fd">
         <name>.text:_openfile</name>
         <load_address>0x3268</load_address>
         <run_address>0x3268</run_address>
         <size>0xd0</size>
         <input_file_ref idref="fl-d1"/>
      </object_component>
      <object_component id="oc-2f9">
         <name>.text:open</name>
         <load_address>0x3338</load_address>
         <run_address>0x3338</run_address>
         <size>0xbc</size>
         <input_file_ref idref="fl-d3"/>
      </object_component>
      <object_component id="oc-162">
         <name>.text:add_device</name>
         <load_address>0x33f4</load_address>
         <run_address>0x33f4</run_address>
         <size>0xb8</size>
         <input_file_ref idref="fl-ce"/>
      </object_component>
      <object_component id="oc-23e">
         <name>.text:_ltostr</name>
         <load_address>0x34ac</load_address>
         <run_address>0x34ac</run_address>
         <size>0xb1</size>
         <input_file_ref idref="fl-e1"/>
      </object_component>
      <object_component id="oc-168">
         <name>.text:fopen</name>
         <load_address>0x3560</load_address>
         <run_address>0x3560</run_address>
         <size>0x9c</size>
         <input_file_ref idref="fl-d1"/>
      </object_component>
      <object_component id="oc-37">
         <name>.text</name>
         <load_address>0x35fc</load_address>
         <run_address>0x35fc</run_address>
         <size>0x9c</size>
         <input_file_ref idref="fl-c6"/>
      </object_component>
      <object_component id="oc-33a">
         <name>.text</name>
         <load_address>0x3698</load_address>
         <run_address>0x3698</run_address>
         <size>0x96</size>
         <input_file_ref idref="fl-ff"/>
      </object_component>
      <object_component id="oc-290">
         <name>.text:fputc</name>
         <load_address>0x3730</load_address>
         <run_address>0x3730</run_address>
         <size>0x8c</size>
         <input_file_ref idref="fl-e6"/>
      </object_component>
      <object_component id="oc-244">
         <name>.text:__aeabi_cdcmple</name>
         <load_address>0x37bc</load_address>
         <run_address>0x37bc</run_address>
         <size>0x86</size>
         <input_file_ref idref="fl-fa"/>
      </object_component>
      <object_component id="oc-34b">
         <name>.text:__aeabi_cdrcmple</name>
         <load_address>0x3842</load_address>
         <run_address>0x3842</run_address>
         <size>0x86</size>
         <input_file_ref idref="fl-fa"/>
      </object_component>
      <object_component id="oc-8b">
         <name>.text</name>
         <load_address>0x38c8</load_address>
         <run_address>0x38c8</run_address>
         <size>0x7a</size>
         <input_file_ref idref="fl-c7"/>
      </object_component>
      <object_component id="oc-216">
         <name>.text:malloc</name>
         <load_address>0x3944</load_address>
         <run_address>0x3944</run_address>
         <size>0x78</size>
         <input_file_ref idref="fl-e0"/>
      </object_component>
      <object_component id="oc-209">
         <name>.text:__TI_closefile</name>
         <load_address>0x39bc</load_address>
         <run_address>0x39bc</run_address>
         <size>0x74</size>
         <input_file_ref idref="fl-e4"/>
      </object_component>
      <object_component id="oc-36b">
         <name>.text:_mcpy</name>
         <load_address>0x3a30</load_address>
         <run_address>0x3a30</run_address>
         <size>0x6e</size>
         <input_file_ref idref="fl-e1"/>
      </object_component>
      <object_component id="oc-2d8">
         <name>.text:HOSTlseek</name>
         <load_address>0x3aa0</load_address>
         <run_address>0x3aa0</run_address>
         <size>0x68</size>
         <input_file_ref idref="fl-ed"/>
      </object_component>
      <object_component id="oc-2e4">
         <name>.text:HOSTrename</name>
         <load_address>0x3b08</load_address>
         <run_address>0x3b08</run_address>
         <size>0x68</size>
         <input_file_ref idref="fl-f0"/>
      </object_component>
      <object_component id="oc-14">
         <name>.text:decompress:lzss:__TI_decompress_lzss</name>
         <load_address>0x3b70</load_address>
         <run_address>0x3b70</run_address>
         <size>0x68</size>
         <input_file_ref idref="fl-ca"/>
      </object_component>
      <object_component id="oc-f7">
         <name>.text:printf</name>
         <load_address>0x3bd8</load_address>
         <run_address>0x3bd8</run_address>
         <size>0x68</size>
         <input_file_ref idref="fl-d4"/>
      </object_component>
      <object_component id="oc-380">
         <name>.text:frexp</name>
         <load_address>0x3c40</load_address>
         <run_address>0x3c40</run_address>
         <size>0x64</size>
         <input_file_ref idref="fl-f5"/>
      </object_component>
      <object_component id="oc-44e">
         <name>.text:fseek</name>
         <load_address>0x3ca4</load_address>
         <run_address>0x3ca4</run_address>
         <size>0x64</size>
         <input_file_ref idref="fl-103"/>
      </object_component>
      <object_component id="oc-3b0">
         <name>.text:__TI_wrt_ok</name>
         <load_address>0x3d08</load_address>
         <run_address>0x3d08</run_address>
         <size>0x62</size>
         <input_file_ref idref="fl-101"/>
      </object_component>
      <object_component id="oc-2c0">
         <name>.text:HOSTopen</name>
         <load_address>0x3d6c</load_address>
         <run_address>0x3d6c</run_address>
         <size>0x60</size>
         <input_file_ref idref="fl-ee"/>
      </object_component>
      <object_component id="oc-30a">
         <name>.text:close</name>
         <load_address>0x3dcc</load_address>
         <run_address>0x3dcc</run_address>
         <size>0x5c</size>
         <input_file_ref idref="fl-102"/>
      </object_component>
      <object_component id="oc-2cc">
         <name>.text:HOSTread</name>
         <load_address>0x3e28</load_address>
         <run_address>0x3e28</run_address>
         <size>0x58</size>
         <input_file_ref idref="fl-ef"/>
      </object_component>
      <object_component id="oc-2d2">
         <name>.text:HOSTwrite</name>
         <load_address>0x3e80</load_address>
         <run_address>0x3e80</run_address>
         <size>0x58</size>
         <input_file_ref idref="fl-f2"/>
      </object_component>
      <object_component id="oc-24f">
         <name>.text:_pconv_f</name>
         <load_address>0x3ed8</load_address>
         <run_address>0x3ed8</run_address>
         <size>0x56</size>
         <input_file_ref idref="fl-e1"/>
      </object_component>
      <object_component id="oc-355">
         <name>.text:ltoa</name>
         <load_address>0x3f2e</load_address>
         <run_address>0x3f2e</run_address>
         <size>0x54</size>
         <input_file_ref idref="fl-e8"/>
      </object_component>
      <object_component id="oc-365">
         <name>.text:_ecpy</name>
         <load_address>0x3f82</load_address>
         <run_address>0x3f82</run_address>
         <size>0x52</size>
         <input_file_ref idref="fl-e1"/>
      </object_component>
      <object_component id="oc-304">
         <name>.text:__TI_doflush</name>
         <load_address>0x3fd4</load_address>
         <run_address>0x3fd4</run_address>
         <size>0x4c</size>
         <input_file_ref idref="fl-e5"/>
      </object_component>
      <object_component id="oc-238">
         <name>.text:atoi</name>
         <load_address>0x4020</load_address>
         <run_address>0x4020</run_address>
         <size>0x4c</size>
         <input_file_ref idref="fl-e2"/>
      </object_component>
      <object_component id="oc-116">
         <name>.text:exit</name>
         <load_address>0x406c</load_address>
         <run_address>0x406c</run_address>
         <size>0x48</size>
         <input_file_ref idref="fl-cc"/>
      </object_component>
      <object_component id="oc-350">
         <name>.text</name>
         <load_address>0x40b4</load_address>
         <run_address>0x40b4</run_address>
         <size>0x48</size>
         <input_file_ref idref="fl-fd"/>
      </object_component>
      <object_component id="oc-2c6">
         <name>.text:HOSTclose</name>
         <load_address>0x40fc</load_address>
         <run_address>0x40fc</run_address>
         <size>0x44</size>
         <input_file_ref idref="fl-ec"/>
      </object_component>
      <object_component id="oc-2de">
         <name>.text:HOSTunlink</name>
         <load_address>0x4140</load_address>
         <run_address>0x4140</run_address>
         <size>0x44</size>
         <input_file_ref idref="fl-f1"/>
      </object_component>
      <object_component id="oc-11c">
         <name>.text:__TI_auto_init_nobinit_nopinit:__TI_auto_init_nobinit_nopinit</name>
         <load_address>0x4184</load_address>
         <run_address>0x4184</run_address>
         <size>0x44</size>
         <input_file_ref idref="fl-dd"/>
      </object_component>
      <object_component id="oc-3fb">
         <name>.text:getdevice</name>
         <load_address>0x41c8</load_address>
         <run_address>0x41c8</run_address>
         <size>0x44</size>
         <input_file_ref idref="fl-d2"/>
      </object_component>
      <object_component id="oc-378">
         <name>.text:_fcpy</name>
         <load_address>0x420c</load_address>
         <run_address>0x420c</run_address>
         <size>0x3e</size>
         <input_file_ref idref="fl-e1"/>
      </object_component>
      <object_component id="oc-325">
         <name>.text:minsert</name>
         <load_address>0x424c</load_address>
         <run_address>0x424c</run_address>
         <size>0x3c</size>
         <input_file_ref idref="fl-e0"/>
      </object_component>
      <object_component id="oc-3d8">
         <name>.text:__TI_writemsg</name>
         <load_address>0x4288</load_address>
         <run_address>0x4288</run_address>
         <size>0x38</size>
         <input_file_ref idref="fl-f3"/>
      </object_component>
      <object_component id="oc-55">
         <name>.text:_c_int00_noargs:_c_int00_noargs</name>
         <load_address>0x42c0</load_address>
         <run_address>0x42c0</run_address>
         <size>0x38</size>
         <input_file_ref idref="fl-cb"/>
      </object_component>
      <object_component id="oc-319">
         <name>.text:minit</name>
         <load_address>0x42f8</load_address>
         <run_address>0x42f8</run_address>
         <size>0x38</size>
         <input_file_ref idref="fl-e0"/>
      </object_component>
      <object_component id="oc-1f1">
         <name>.text:strncpy</name>
         <load_address>0x4330</load_address>
         <run_address>0x4330</run_address>
         <size>0x36</size>
         <input_file_ref idref="fl-da"/>
      </object_component>
      <object_component id="oc-21c">
         <name>.text:__TI_cleanup</name>
         <load_address>0x4368</load_address>
         <run_address>0x4368</run_address>
         <size>0x34</size>
         <input_file_ref idref="fl-d1"/>
      </object_component>
      <object_component id="oc-3de">
         <name>.text:__TI_readmsg</name>
         <load_address>0x439c</load_address>
         <run_address>0x439c</run_address>
         <size>0x34</size>
         <input_file_ref idref="fl-f3"/>
      </object_component>
      <object_component id="oc-16e">
         <name>.text:freopen</name>
         <load_address>0x43d0</load_address>
         <run_address>0x43d0</run_address>
         <size>0x34</size>
         <input_file_ref idref="fl-d1"/>
      </object_component>
      <object_component id="oc-d9">
         <name>.text:strstr</name>
         <load_address>0x4404</load_address>
         <run_address>0x4404</run_address>
         <size>0x34</size>
         <input_file_ref idref="fl-db"/>
      </object_component>
      <object_component id="oc-1eb">
         <name>.text:finddevice</name>
         <load_address>0x4438</load_address>
         <run_address>0x4438</run_address>
         <size>0x30</size>
         <input_file_ref idref="fl-d2"/>
      </object_component>
      <object_component id="oc-35b">
         <name>.text</name>
         <load_address>0x4468</load_address>
         <run_address>0x4468</run_address>
         <size>0x2e</size>
         <input_file_ref idref="fl-fe"/>
      </object_component>
      <object_component id="oc-310">
         <name>.text:unlink</name>
         <load_address>0x4498</load_address>
         <run_address>0x4498</run_address>
         <size>0x2c</size>
         <input_file_ref idref="fl-f4"/>
      </object_component>
      <object_component id="oc-48f">
         <name>.text:lseek</name>
         <load_address>0x44c4</load_address>
         <run_address>0x44c4</run_address>
         <size>0x28</size>
         <input_file_ref idref="fl-104"/>
      </object_component>
      <object_component id="oc-31f">
         <name>.text:mremove</name>
         <load_address>0x44ec</load_address>
         <run_address>0x44ec</run_address>
         <size>0x28</size>
         <input_file_ref idref="fl-e0"/>
      </object_component>
      <object_component id="oc-3bc">
         <name>.text:write</name>
         <load_address>0x4514</load_address>
         <run_address>0x4514</run_address>
         <size>0x28</size>
         <input_file_ref idref="fl-dc"/>
      </object_component>
      <object_component id="oc-3b6">
         <name>.text:memchr</name>
         <load_address>0x453c</load_address>
         <run_address>0x453c</run_address>
         <size>0x20</size>
         <input_file_ref idref="fl-ea"/>
      </object_component>
      <object_component id="oc-261">
         <name>.text:memccpy</name>
         <load_address>0x455c</load_address>
         <run_address>0x455c</run_address>
         <size>0x1c</size>
         <input_file_ref idref="fl-e9"/>
      </object_component>
      <object_component id="oc-2b6">
         <name>.text:strcmp</name>
         <load_address>0x4578</load_address>
         <run_address>0x4578</run_address>
         <size>0x18</size>
         <input_file_ref idref="fl-d7"/>
      </object_component>
      <object_component id="oc-38c">
         <name>.text:strchr</name>
         <load_address>0x4590</load_address>
         <run_address>0x4590</run_address>
         <size>0x16</size>
         <input_file_ref idref="fl-d6"/>
      </object_component>
      <object_component id="oc-432">
         <name>.text:copysign</name>
         <load_address>0x45a6</load_address>
         <run_address>0x45a6</run_address>
         <size>0x14</size>
         <input_file_ref idref="fl-f7"/>
      </object_component>
      <object_component id="oc-df">
         <name>.text:strcpy</name>
         <load_address>0x45ba</load_address>
         <run_address>0x45ba</run_address>
         <size>0x14</size>
         <input_file_ref idref="fl-d8"/>
      </object_component>
      <object_component id="oc-d3">
         <name>.text:strlen</name>
         <load_address>0x45ce</load_address>
         <run_address>0x45ce</run_address>
         <size>0x14</size>
         <input_file_ref idref="fl-d9"/>
      </object_component>
      <object_component id="oc-43">
         <name>.text:decompress:ZI:__TI_zero_init_nomemset:__TI_zero_init_nomemset</name>
         <load_address>0x45e2</load_address>
         <run_address>0x45e2</run_address>
         <size>0x12</size>
         <input_file_ref idref="fl-c8"/>
      </object_component>
      <object_component id="oc-267">
         <name>.text:wcslen</name>
         <load_address>0x45f4</load_address>
         <run_address>0x45f4</run_address>
         <size>0x12</size>
         <input_file_ref idref="fl-f8"/>
      </object_component>
      <object_component id="oc-1a">
         <name>.text:decompress:none:__TI_decompress_none</name>
         <load_address>0x4606</load_address>
         <run_address>0x4606</run_address>
         <size>0xe</size>
         <input_file_ref idref="fl-c9"/>
      </object_component>
      <object_component id="oc-67">
         <name>.text</name>
         <load_address>0x4614</load_address>
         <run_address>0x4614</run_address>
         <size>0xe</size>
         <input_file_ref idref="fl-b"/>
      </object_component>
      <object_component id="oc-26d">
         <name>.text:__aeabi_errno_addr</name>
         <load_address>0x4624</load_address>
         <run_address>0x4624</run_address>
         <size>0x8</size>
         <input_file_ref idref="fl-100"/>
      </object_component>
      <object_component id="oc-19b">
         <name>.text:_outc</name>
         <load_address>0x462c</load_address>
         <run_address>0x462c</run_address>
         <size>0x4</size>
         <input_file_ref idref="fl-d4"/>
      </object_component>
      <object_component id="oc-195">
         <name>.text:_outs</name>
         <load_address>0x4630</load_address>
         <run_address>0x4630</run_address>
         <size>0x4</size>
         <input_file_ref idref="fl-d4"/>
      </object_component>
      <object_component id="oc-91">
         <name>.text:_system_pre_init</name>
         <load_address>0x4634</load_address>
         <run_address>0x4634</run_address>
         <size>0x4</size>
         <input_file_ref idref="fl-de"/>
      </object_component>
      <object_component id="oc-110">
         <name>.text:abort:abort</name>
         <load_address>0x4638</load_address>
         <run_address>0x4638</run_address>
         <size>0x4</size>
         <input_file_ref idref="fl-cc"/>
      </object_component>
      <object_component id="oc-335">
         <name>.const:.string:_ctypes_</name>
         <load_address>0x463c</load_address>
         <run_address>0x463c</run_address>
         <size>0x101</size>
         <input_file_ref idref="fl-e3"/>
      </object_component>
      <object_component id="oc-187">
         <name>.const:$P$T0$1</name>
         <load_address>0x4740</load_address>
         <run_address>0x4740</run_address>
         <size>0x20</size>
         <input_file_ref idref="fl-8"/>
      </object_component>
      <object_component id="oc-4d4">
         <name>.cinit..data.load</name>
         <load_address>0x4760</load_address>
         <run_address>0x4760</run_address>
         <size>0x80</size>
      </object_component>
      <object_component id="oc-4d2">
         <name>__TI_handler_table</name>
         <load_address>0x47e0</load_address>
         <run_address>0x47e0</run_address>
         <size>0xc</size>
      </object_component>
      <object_component id="oc-4d5">
         <name>.cinit..bss.load</name>
         <load_address>0x47f0</load_address>
         <run_address>0x47f0</run_address>
         <size>0x8</size>
      </object_component>
      <object_component id="oc-4d3">
         <name>__TI_cinit_table</name>
         <load_address>0x47f8</load_address>
         <run_address>0x47f8</run_address>
         <size>0x10</size>
      </object_component>
      <object_component id="oc-4a7">
         <name>.binit</name>
         <load_address>0x0</load_address>
         <run_address>0x0</run_address>
         <size>0x0</size>
      </object_component>
      <object_component id="oc-183">
         <name>.data</name>
         <load_address>0x200005b8</load_address>
         <run_address>0x200005b8</run_address>
         <size>0x18</size>
         <input_file_ref idref="fl-3"/>
      </object_component>
      <object_component id="oc-106">
         <name>.data</name>
         <load_address>0x200005f8</load_address>
         <run_address>0x200005f8</run_address>
         <size>0xc</size>
         <input_file_ref idref="fl-a"/>
      </object_component>
      <object_component id="oc-14e">
         <name>.data</name>
         <load_address>0x2000061c</load_address>
         <run_address>0x2000061c</run_address>
         <size>0x4</size>
         <input_file_ref idref="fl-c"/>
      </object_component>
      <object_component id="oc-1c3">
         <name>.data:$O1$$</name>
         <load_address>0x200005e0</load_address>
         <run_address>0x200005e0</run_address>
         <size>0xc</size>
         <input_file_ref idref="fl-cc"/>
      </object_component>
      <object_component id="oc-192">
         <name>.data:$O1$$</name>
         <load_address>0x20000604</load_address>
         <run_address>0x20000604</run_address>
         <size>0x8</size>
         <input_file_ref idref="fl-cd"/>
      </object_component>
      <object_component id="oc-1f7">
         <name>.data</name>
         <load_address>0x2000060c</load_address>
         <run_address>0x2000060c</run_address>
         <size>0x4</size>
         <input_file_ref idref="fl-ce"/>
      </object_component>
      <object_component id="oc-17a">
         <name>.data:_ftable</name>
         <load_address>0x20000400</load_address>
         <run_address>0x20000400</run_address>
         <size>0xf0</size>
         <input_file_ref idref="fl-d0"/>
      </object_component>
      <object_component id="oc-204">
         <name>.data</name>
         <load_address>0x200005d0</load_address>
         <run_address>0x200005d0</run_address>
         <size>0x10</size>
         <input_file_ref idref="fl-d0"/>
      </object_component>
      <object_component id="oc-203">
         <name>.data</name>
         <load_address>0x20000614</load_address>
         <run_address>0x20000614</run_address>
         <size>0x4</size>
         <input_file_ref idref="fl-d1"/>
      </object_component>
      <object_component id="oc-401">
         <name>.data</name>
         <load_address>0x20000618</load_address>
         <run_address>0x20000618</run_address>
         <size>0x4</size>
         <input_file_ref idref="fl-d3"/>
      </object_component>
      <object_component id="oc-1f8">
         <name>.data:_device</name>
         <load_address>0x200004f0</load_address>
         <run_address>0x200004f0</run_address>
         <size>0x78</size>
         <input_file_ref idref="fl-dc"/>
      </object_component>
      <object_component id="oc-402">
         <name>.data:_stream</name>
         <load_address>0x20000568</load_address>
         <run_address>0x20000568</run_address>
         <size>0x50</size>
         <input_file_ref idref="fl-dc"/>
      </object_component>
      <object_component id="oc-32b">
         <name>.data:$O1$$</name>
         <load_address>0x200005ec</load_address>
         <run_address>0x200005ec</run_address>
         <size>0xc</size>
         <input_file_ref idref="fl-e0"/>
      </object_component>
      <object_component id="oc-39c">
         <name>.data</name>
         <load_address>0x20000610</load_address>
         <run_address>0x20000610</run_address>
         <size>0x4</size>
         <input_file_ref idref="fl-100"/>
      </object_component>
      <object_component id="oc-45f">
         <name>.bss:_CIOBUF_</name>
         <uninitialized>true</uninitialized>
         <run_address>0x20000620</run_address>
         <size>0x120</size>
         <input_file_ref idref="fl-f3"/>
      </object_component>
      <object_component id="oc-161">
         <name>.common:Messageindexb</name>
         <uninitialized>true</uninitialized>
         <run_address>0x20000824</run_address>
         <size>0x4</size>
      </object_component>
      <object_component id="oc-15e">
         <name>.common:Messageb</name>
         <uninitialized>true</uninitialized>
         <run_address>0x20000814</run_address>
         <size>0x8</size>
      </object_component>
      <object_component id="oc-103">
         <name>.common:Data</name>
         <uninitialized>true</uninitialized>
         <run_address>0x20000828</run_address>
         <size>0x1</size>
      </object_component>
      <object_component id="oc-109">
         <name>.common:path_maze</name>
         <uninitialized>true</uninitialized>
         <run_address>0x200007e0</run_address>
         <size>0x34</size>
      </object_component>
      <object_component id="oc-316">
         <name>.common:__TI_tmpnams</name>
         <uninitialized>true</uninitialized>
         <run_address>0x20000740</run_address>
         <size>0xa0</size>
      </object_component>
      <object_component id="oc-3e4">
         <name>.common:parmbuf</name>
         <uninitialized>true</uninitialized>
         <run_address>0x2000081c</run_address>
         <size>0x8</size>
      </object_component>
      <object_component id="oc-29">
         <name>.sysmem</name>
         <uninitialized>true</uninitialized>
         <run_address>0x20000000</run_address>
         <size>0x8</size>
         <input_file_ref idref="fl-e0"/>
      </object_component>
      <object_component id="oc-4d7">
         <name>.sysmem</name>
         <uninitialized>true</uninitialized>
         <run_address>0x20000000</run_address>
         <size>0x0</size>
      </object_component>
      <object_component id="oc-26">
         <name>.stack</name>
         <uninitialized>true</uninitialized>
         <run_address>0x2000fe00</run_address>
         <size>0x4</size>
         <input_file_ref idref="fl-cb"/>
      </object_component>
      <object_component id="oc-4d6">
         <name>.stack</name>
         <uninitialized>true</uninitialized>
         <run_address>0x2000fe00</run_address>
         <size>0x0</size>
      </object_component>
      <object_component id="oc-157">
         <name>.debug_info</name>
         <load_address>0x0</load_address>
         <run_address>0x0</run_address>
         <size>0x53b</size>
         <input_file_ref idref="fl-2"/>
      </object_component>
      <object_component id="oc-1b1">
         <name>.debug_info</name>
         <load_address>0x53b</load_address>
         <run_address>0x53b</run_address>
         <size>0x37e2</size>
         <input_file_ref idref="fl-2"/>
      </object_component>
      <object_component id="oc-b2">
         <name>.debug_info</name>
         <load_address>0x3d1d</load_address>
         <run_address>0x3d1d</run_address>
         <size>0x26b</size>
         <input_file_ref idref="fl-2"/>
      </object_component>
      <object_component id="oc-1b6">
         <name>.debug_info</name>
         <load_address>0x3f88</load_address>
         <run_address>0x3f88</run_address>
         <size>0x1055</size>
         <input_file_ref idref="fl-2"/>
      </object_component>
      <object_component id="oc-32">
         <name>.debug_info</name>
         <load_address>0x4fdd</load_address>
         <run_address>0x4fdd</run_address>
         <size>0x84</size>
         <input_file_ref idref="fl-2"/>
      </object_component>
      <object_component id="oc-152">
         <name>.debug_info</name>
         <load_address>0x5061</load_address>
         <run_address>0x5061</run_address>
         <size>0x297</size>
         <input_file_ref idref="fl-2"/>
      </object_component>
      <object_component id="oc-10b">
         <name>.debug_info</name>
         <load_address>0x52f8</load_address>
         <run_address>0x52f8</run_address>
         <size>0xbb</size>
         <input_file_ref idref="fl-2"/>
      </object_component>
      <object_component id="oc-184">
         <name>.debug_info</name>
         <load_address>0x53b3</load_address>
         <run_address>0x53b3</run_address>
         <size>0x198</size>
         <input_file_ref idref="fl-3"/>
      </object_component>
      <object_component id="oc-ec">
         <name>.debug_info</name>
         <load_address>0x554b</load_address>
         <run_address>0x554b</run_address>
         <size>0x3d4</size>
         <input_file_ref idref="fl-3"/>
      </object_component>
      <object_component id="oc-fe">
         <name>.debug_info</name>
         <load_address>0x591f</load_address>
         <run_address>0x591f</run_address>
         <size>0x5ce</size>
         <input_file_ref idref="fl-6"/>
      </object_component>
      <object_component id="oc-1ab">
         <name>.debug_info</name>
         <load_address>0x5eed</load_address>
         <run_address>0x5eed</run_address>
         <size>0x607</size>
         <input_file_ref idref="fl-7"/>
      </object_component>
      <object_component id="oc-18b">
         <name>.debug_info</name>
         <load_address>0x64f4</load_address>
         <run_address>0x64f4</run_address>
         <size>0x5b4</size>
         <input_file_ref idref="fl-8"/>
      </object_component>
      <object_component id="oc-188">
         <name>.debug_info</name>
         <load_address>0x6aa8</load_address>
         <run_address>0x6aa8</run_address>
         <size>0xe8</size>
         <input_file_ref idref="fl-8"/>
      </object_component>
      <object_component id="oc-f3">
         <name>.debug_info</name>
         <load_address>0x6b90</load_address>
         <run_address>0x6b90</run_address>
         <size>0x63a</size>
         <input_file_ref idref="fl-8"/>
      </object_component>
      <object_component id="oc-233">
         <name>.debug_info</name>
         <load_address>0x71ca</load_address>
         <run_address>0x71ca</run_address>
         <size>0x37e2</size>
         <input_file_ref idref="fl-8"/>
      </object_component>
      <object_component id="oc-15f">
         <name>.debug_info</name>
         <load_address>0xa9ac</load_address>
         <run_address>0xa9ac</run_address>
         <size>0x789</size>
         <input_file_ref idref="fl-9"/>
      </object_component>
      <object_component id="oc-e6">
         <name>.debug_info</name>
         <load_address>0xb135</load_address>
         <run_address>0xb135</run_address>
         <size>0x1915</size>
         <input_file_ref idref="fl-9"/>
      </object_component>
      <object_component id="oc-1bb">
         <name>.debug_info</name>
         <load_address>0xca4a</load_address>
         <run_address>0xca4a</run_address>
         <size>0xcc</size>
         <input_file_ref idref="fl-9"/>
      </object_component>
      <object_component id="oc-17e">
         <name>.debug_info</name>
         <load_address>0xcb16</load_address>
         <run_address>0xcb16</run_address>
         <size>0x2c</size>
         <input_file_ref idref="fl-9"/>
      </object_component>
      <object_component id="oc-1a3">
         <name>.debug_info</name>
         <load_address>0xcb42</load_address>
         <run_address>0xcb42</run_address>
         <size>0x2c</size>
         <input_file_ref idref="fl-9"/>
      </object_component>
      <object_component id="oc-104">
         <name>.debug_info</name>
         <load_address>0xcb6e</load_address>
         <run_address>0xcb6e</run_address>
         <size>0x7c6</size>
         <input_file_ref idref="fl-a"/>
      </object_component>
      <object_component id="oc-107">
         <name>.debug_info</name>
         <load_address>0xd334</load_address>
         <run_address>0xd334</run_address>
         <size>0x177</size>
         <input_file_ref idref="fl-a"/>
      </object_component>
      <object_component id="oc-98">
         <name>.debug_info</name>
         <load_address>0xd4ab</load_address>
         <run_address>0xd4ab</run_address>
         <size>0xa39</size>
         <input_file_ref idref="fl-a"/>
      </object_component>
      <object_component id="oc-6f">
         <name>.debug_info</name>
         <load_address>0xdee4</load_address>
         <run_address>0xdee4</run_address>
         <size>0x2bf</size>
         <input_file_ref idref="fl-b"/>
      </object_component>
      <object_component id="oc-24">
         <name>.debug_info</name>
         <load_address>0xe1a3</load_address>
         <run_address>0xe1a3</run_address>
         <size>0xeb</size>
         <input_file_ref idref="fl-b"/>
      </object_component>
      <object_component id="oc-68">
         <name>.debug_info</name>
         <load_address>0xe28e</load_address>
         <run_address>0xe28e</run_address>
         <size>0x1b2</size>
         <input_file_ref idref="fl-b"/>
      </object_component>
      <object_component id="oc-14f">
         <name>.debug_info</name>
         <load_address>0xe440</load_address>
         <run_address>0xe440</run_address>
         <size>0xe4</size>
         <input_file_ref idref="fl-c"/>
      </object_component>
      <object_component id="oc-ac">
         <name>.debug_info</name>
         <load_address>0xe524</load_address>
         <run_address>0xe524</run_address>
         <size>0x256</size>
         <input_file_ref idref="fl-c"/>
      </object_component>
      <object_component id="oc-38">
         <name>.debug_info</name>
         <load_address>0xe77a</load_address>
         <run_address>0xe77a</run_address>
         <size>0x111</size>
         <input_file_ref idref="fl-c6"/>
      </object_component>
      <object_component id="oc-8c">
         <name>.debug_info</name>
         <load_address>0xe88b</load_address>
         <run_address>0xe88b</run_address>
         <size>0x13f</size>
         <input_file_ref idref="fl-c7"/>
      </object_component>
      <object_component id="oc-8a">
         <name>.debug_info</name>
         <load_address>0xe9ca</load_address>
         <run_address>0xe9ca</run_address>
         <size>0x313</size>
         <input_file_ref idref="fl-c8"/>
      </object_component>
      <object_component id="oc-44">
         <name>.debug_info</name>
         <load_address>0xecdd</load_address>
         <run_address>0xecdd</run_address>
         <size>0x1b4</size>
         <input_file_ref idref="fl-c8"/>
      </object_component>
      <object_component id="oc-85">
         <name>.debug_info</name>
         <load_address>0xee91</load_address>
         <run_address>0xee91</run_address>
         <size>0x46</size>
         <input_file_ref idref="fl-c8"/>
      </object_component>
      <object_component id="oc-ca">
         <name>.debug_info</name>
         <load_address>0xeed7</load_address>
         <run_address>0xeed7</run_address>
         <size>0x2c</size>
         <input_file_ref idref="fl-c8"/>
      </object_component>
      <object_component id="oc-42">
         <name>.debug_info</name>
         <load_address>0xef03</load_address>
         <run_address>0xef03</run_address>
         <size>0x29d</size>
         <input_file_ref idref="fl-c9"/>
      </object_component>
      <object_component id="oc-1d">
         <name>.debug_info</name>
         <load_address>0xf1a0</load_address>
         <run_address>0xf1a0</run_address>
         <size>0x1df</size>
         <input_file_ref idref="fl-c9"/>
      </object_component>
      <object_component id="oc-3d">
         <name>.debug_info</name>
         <load_address>0xf37f</load_address>
         <run_address>0xf37f</run_address>
         <size>0x46</size>
         <input_file_ref idref="fl-c9"/>
      </object_component>
      <object_component id="oc-7d">
         <name>.debug_info</name>
         <load_address>0xf3c5</load_address>
         <run_address>0xf3c5</run_address>
         <size>0x2c</size>
         <input_file_ref idref="fl-c9"/>
      </object_component>
      <object_component id="oc-7b">
         <name>.debug_info</name>
         <load_address>0xf3f1</load_address>
         <run_address>0xf3f1</run_address>
         <size>0x293</size>
         <input_file_ref idref="fl-ca"/>
      </object_component>
      <object_component id="oc-15">
         <name>.debug_info</name>
         <load_address>0xf684</load_address>
         <run_address>0xf684</run_address>
         <size>0x245</size>
         <input_file_ref idref="fl-ca"/>
      </object_component>
      <object_component id="oc-2d">
         <name>.debug_info</name>
         <load_address>0xf8c9</load_address>
         <run_address>0xf8c9</run_address>
         <size>0x60</size>
         <input_file_ref idref="fl-ca"/>
      </object_component>
      <object_component id="oc-c3">
         <name>.debug_info</name>
         <load_address>0xf929</load_address>
         <run_address>0xf929</run_address>
         <size>0x46</size>
         <input_file_ref idref="fl-ca"/>
      </object_component>
      <object_component id="oc-76">
         <name>.debug_info</name>
         <load_address>0xf96f</load_address>
         <run_address>0xf96f</run_address>
         <size>0x39</size>
         <input_file_ref idref="fl-ca"/>
      </object_component>
      <object_component id="oc-27">
         <name>.debug_info</name>
         <load_address>0xf9a8</load_address>
         <run_address>0xf9a8</run_address>
         <size>0x100</size>
         <input_file_ref idref="fl-cb"/>
      </object_component>
      <object_component id="oc-59">
         <name>.debug_info</name>
         <load_address>0xfaa8</load_address>
         <run_address>0xfaa8</run_address>
         <size>0x1a4</size>
         <input_file_ref idref="fl-cb"/>
      </object_component>
      <object_component id="oc-1c7">
         <name>.debug_info</name>
         <load_address>0xfc4c</load_address>
         <run_address>0xfc4c</run_address>
         <size>0x3a2</size>
         <input_file_ref idref="fl-cc"/>
      </object_component>
      <object_component id="oc-1c4">
         <name>.debug_info</name>
         <load_address>0xffee</load_address>
         <run_address>0xffee</run_address>
         <size>0x185</size>
         <input_file_ref idref="fl-cc"/>
      </object_component>
      <object_component id="oc-113">
         <name>.debug_info</name>
         <load_address>0x10173</load_address>
         <run_address>0x10173</run_address>
         <size>0x117</size>
         <input_file_ref idref="fl-cc"/>
      </object_component>
      <object_component id="oc-118">
         <name>.debug_info</name>
         <load_address>0x1028a</load_address>
         <run_address>0x1028a</run_address>
         <size>0x179</size>
         <input_file_ref idref="fl-cc"/>
      </object_component>
      <object_component id="oc-287">
         <name>.debug_info</name>
         <load_address>0x10403</load_address>
         <run_address>0x10403</run_address>
         <size>0x2be</size>
         <input_file_ref idref="fl-cd"/>
      </object_component>
      <object_component id="oc-193">
         <name>.debug_info</name>
         <load_address>0x106c1</load_address>
         <run_address>0x106c1</run_address>
         <size>0x113</size>
         <input_file_ref idref="fl-cd"/>
      </object_component>
      <object_component id="oc-283">
         <name>.debug_info</name>
         <load_address>0x107d4</load_address>
         <run_address>0x107d4</run_address>
         <size>0x123</size>
         <input_file_ref idref="fl-cd"/>
      </object_component>
      <object_component id="oc-1fc">
         <name>.debug_info</name>
         <load_address>0x108f7</load_address>
         <run_address>0x108f7</run_address>
         <size>0x43a</size>
         <input_file_ref idref="fl-ce"/>
      </object_component>
      <object_component id="oc-165">
         <name>.debug_info</name>
         <load_address>0x10d31</load_address>
         <run_address>0x10d31</run_address>
         <size>0x2d0</size>
         <input_file_ref idref="fl-ce"/>
      </object_component>
      <object_component id="oc-2f4">
         <name>.debug_info</name>
         <load_address>0x11001</load_address>
         <run_address>0x11001</run_address>
         <size>0xea</size>
         <input_file_ref idref="fl-ce"/>
      </object_component>
      <object_component id="oc-2ef">
         <name>.debug_info</name>
         <load_address>0x110eb</load_address>
         <run_address>0x110eb</run_address>
         <size>0x2c</size>
         <input_file_ref idref="fl-ce"/>
      </object_component>
      <object_component id="oc-22b">
         <name>.debug_info</name>
         <load_address>0x11117</load_address>
         <run_address>0x11117</run_address>
         <size>0x139</size>
         <input_file_ref idref="fl-d0"/>
      </object_component>
      <object_component id="oc-17b">
         <name>.debug_info</name>
         <load_address>0x11250</load_address>
         <run_address>0x11250</run_address>
         <size>0xf7</size>
         <input_file_ref idref="fl-d0"/>
      </object_component>
      <object_component id="oc-205">
         <name>.debug_info</name>
         <load_address>0x11347</load_address>
         <run_address>0x11347</run_address>
         <size>0x184</size>
         <input_file_ref idref="fl-d0"/>
      </object_component>
      <object_component id="oc-299">
         <name>.debug_info</name>
         <load_address>0x114cb</load_address>
         <run_address>0x114cb</run_address>
         <size>0xb2</size>
         <input_file_ref idref="fl-d0"/>
      </object_component>
      <object_component id="oc-208">
         <name>.debug_info</name>
         <load_address>0x1157d</load_address>
         <run_address>0x1157d</run_address>
         <size>0x40a</size>
         <input_file_ref idref="fl-d1"/>
      </object_component>
      <object_component id="oc-200">
         <name>.debug_info</name>
         <load_address>0x11987</load_address>
         <run_address>0x11987</run_address>
         <size>0x1f2</size>
         <input_file_ref idref="fl-d1"/>
      </object_component>
      <object_component id="oc-21f">
         <name>.debug_info</name>
         <load_address>0x11b79</load_address>
         <run_address>0x11b79</run_address>
         <size>0x16b</size>
         <input_file_ref idref="fl-d1"/>
      </object_component>
      <object_component id="oc-170">
         <name>.debug_info</name>
         <load_address>0x11ce4</load_address>
         <run_address>0x11ce4</run_address>
         <size>0x1d9</size>
         <input_file_ref idref="fl-d1"/>
      </object_component>
      <object_component id="oc-16a">
         <name>.debug_info</name>
         <load_address>0x11ebd</load_address>
         <run_address>0x11ebd</run_address>
         <size>0x1c2</size>
         <input_file_ref idref="fl-d1"/>
      </object_component>
      <object_component id="oc-b9">
         <name>.debug_info</name>
         <load_address>0x1207f</load_address>
         <run_address>0x1207f</run_address>
         <size>0x2c</size>
         <input_file_ref idref="fl-d1"/>
      </object_component>
      <object_component id="oc-2bd">
         <name>.debug_info</name>
         <load_address>0x120ab</load_address>
         <run_address>0x120ab</run_address>
         <size>0x421</size>
         <input_file_ref idref="fl-d2"/>
      </object_component>
      <object_component id="oc-1ec">
         <name>.debug_info</name>
         <load_address>0x124cc</load_address>
         <run_address>0x124cc</run_address>
         <size>0x187</size>
         <input_file_ref idref="fl-d2"/>
      </object_component>
      <object_component id="oc-3fc">
         <name>.debug_info</name>
         <load_address>0x12653</load_address>
         <run_address>0x12653</run_address>
         <size>0x1e0</size>
         <input_file_ref idref="fl-d2"/>
      </object_component>
      <object_component id="oc-406">
         <name>.debug_info</name>
         <load_address>0x12833</load_address>
         <run_address>0x12833</run_address>
         <size>0x3f7</size>
         <input_file_ref idref="fl-d3"/>
      </object_component>
      <object_component id="oc-2fa">
         <name>.debug_info</name>
         <load_address>0x12c2a</load_address>
         <run_address>0x12c2a</run_address>
         <size>0x23a</size>
         <input_file_ref idref="fl-d3"/>
      </object_component>
      <object_component id="oc-3f6">
         <name>.debug_info</name>
         <load_address>0x12e64</load_address>
         <run_address>0x12e64</run_address>
         <size>0x120</size>
         <input_file_ref idref="fl-d3"/>
      </object_component>
      <object_component id="oc-1a2">
         <name>.debug_info</name>
         <load_address>0x12f84</load_address>
         <run_address>0x12f84</run_address>
         <size>0x3da</size>
         <input_file_ref idref="fl-d4"/>
      </object_component>
      <object_component id="oc-19c">
         <name>.debug_info</name>
         <load_address>0x1335e</load_address>
         <run_address>0x1335e</run_address>
         <size>0x14c</size>
         <input_file_ref idref="fl-d4"/>
      </object_component>
      <object_component id="oc-196">
         <name>.debug_info</name>
         <load_address>0x134aa</load_address>
         <run_address>0x134aa</run_address>
         <size>0x15b</size>
         <input_file_ref idref="fl-d4"/>
      </object_component>
      <object_component id="oc-f8">
         <name>.debug_info</name>
         <load_address>0x13605</load_address>
         <run_address>0x13605</run_address>
         <size>0x1a1</size>
         <input_file_ref idref="fl-d4"/>
      </object_component>
      <object_component id="oc-223">
         <name>.debug_info</name>
         <load_address>0x137a6</load_address>
         <run_address>0x137a6</run_address>
         <size>0x369</size>
         <input_file_ref idref="fl-d5"/>
      </object_component>
      <object_component id="oc-176">
         <name>.debug_info</name>
         <load_address>0x13b0f</load_address>
         <run_address>0x13b0f</run_address>
         <size>0x200</size>
         <input_file_ref idref="fl-d5"/>
      </object_component>
      <object_component id="oc-224">
         <name>.debug_info</name>
         <load_address>0x13d0f</load_address>
         <run_address>0x13d0f</run_address>
         <size>0xbf</size>
         <input_file_ref idref="fl-d5"/>
      </object_component>
      <object_component id="oc-43b">
         <name>.debug_info</name>
         <load_address>0x13dce</load_address>
         <run_address>0x13dce</run_address>
         <size>0x28f</size>
         <input_file_ref idref="fl-d6"/>
      </object_component>
      <object_component id="oc-38e">
         <name>.debug_info</name>
         <load_address>0x1405d</load_address>
         <run_address>0x1405d</run_address>
         <size>0x247</size>
         <input_file_ref idref="fl-d6"/>
      </object_component>
      <object_component id="oc-3d3">
         <name>.debug_info</name>
         <load_address>0x142a4</load_address>
         <run_address>0x142a4</run_address>
         <size>0x27f</size>
         <input_file_ref idref="fl-d7"/>
      </object_component>
      <object_component id="oc-2ba">
         <name>.debug_info</name>
         <load_address>0x14523</load_address>
         <run_address>0x14523</run_address>
         <size>0x258</size>
         <input_file_ref idref="fl-d7"/>
      </object_component>
      <object_component id="oc-15d">
         <name>.debug_info</name>
         <load_address>0x1477b</load_address>
         <run_address>0x1477b</run_address>
         <size>0x299</size>
         <input_file_ref idref="fl-d8"/>
      </object_component>
      <object_component id="oc-e3">
         <name>.debug_info</name>
         <load_address>0x14a14</load_address>
         <run_address>0x14a14</run_address>
         <size>0x231</size>
         <input_file_ref idref="fl-d8"/>
      </object_component>
      <object_component id="oc-159">
         <name>.debug_info</name>
         <load_address>0x14c45</load_address>
         <run_address>0x14c45</run_address>
         <size>0x284</size>
         <input_file_ref idref="fl-d9"/>
      </object_component>
      <object_component id="oc-d6">
         <name>.debug_info</name>
         <load_address>0x14ec9</load_address>
         <run_address>0x14ec9</run_address>
         <size>0x22a</size>
         <input_file_ref idref="fl-d9"/>
      </object_component>
      <object_component id="oc-2bf">
         <name>.debug_info</name>
         <load_address>0x150f3</load_address>
         <run_address>0x150f3</run_address>
         <size>0x2a4</size>
         <input_file_ref idref="fl-da"/>
      </object_component>
      <object_component id="oc-1f2">
         <name>.debug_info</name>
         <load_address>0x15397</load_address>
         <run_address>0x15397</run_address>
         <size>0x25a</size>
         <input_file_ref idref="fl-da"/>
      </object_component>
      <object_component id="oc-15b">
         <name>.debug_info</name>
         <load_address>0x155f1</load_address>
         <run_address>0x155f1</run_address>
         <size>0x28a</size>
         <input_file_ref idref="fl-db"/>
      </object_component>
      <object_component id="oc-dc">
         <name>.debug_info</name>
         <load_address>0x1587b</load_address>
         <run_address>0x1587b</run_address>
         <size>0x1c6</size>
         <input_file_ref idref="fl-db"/>
      </object_component>
      <object_component id="oc-2ec">
         <name>.debug_info</name>
         <load_address>0x15a41</load_address>
         <run_address>0x15a41</run_address>
         <size>0x4c5</size>
         <input_file_ref idref="fl-dc"/>
      </object_component>
      <object_component id="oc-1f9">
         <name>.debug_info</name>
         <load_address>0x15f06</load_address>
         <run_address>0x15f06</run_address>
         <size>0xf8</size>
         <input_file_ref idref="fl-dc"/>
      </object_component>
      <object_component id="oc-403">
         <name>.debug_info</name>
         <load_address>0x15ffe</load_address>
         <run_address>0x15ffe</run_address>
         <size>0xf8</size>
         <input_file_ref idref="fl-dc"/>
      </object_component>
      <object_component id="oc-3bf">
         <name>.debug_info</name>
         <load_address>0x160f6</load_address>
         <run_address>0x160f6</run_address>
         <size>0x184</size>
         <input_file_ref idref="fl-dc"/>
      </object_component>
      <object_component id="oc-1ca">
         <name>.debug_info</name>
         <load_address>0x1627a</load_address>
         <run_address>0x1627a</run_address>
         <size>0x547</size>
         <input_file_ref idref="fl-dd"/>
      </object_component>
      <object_component id="oc-11f">
         <name>.debug_info</name>
         <load_address>0x167c1</load_address>
         <run_address>0x167c1</run_address>
         <size>0x19b</size>
         <input_file_ref idref="fl-dd"/>
      </object_component>
      <object_component id="oc-2a5">
         <name>.debug_info</name>
         <load_address>0x1695c</load_address>
         <run_address>0x1695c</run_address>
         <size>0x39</size>
         <input_file_ref idref="fl-dd"/>
      </object_component>
      <object_component id="oc-3c6">
         <name>.debug_info</name>
         <load_address>0x16995</load_address>
         <run_address>0x16995</run_address>
         <size>0x39</size>
         <input_file_ref idref="fl-dd"/>
      </object_component>
      <object_component id="oc-2aa">
         <name>.debug_info</name>
         <load_address>0x169ce</load_address>
         <run_address>0x169ce</run_address>
         <size>0x39</size>
         <input_file_ref idref="fl-dd"/>
      </object_component>
      <object_component id="oc-2af">
         <name>.debug_info</name>
         <load_address>0x16a07</load_address>
         <run_address>0x16a07</run_address>
         <size>0xcd</size>
         <input_file_ref idref="fl-dd"/>
      </object_component>
      <object_component id="oc-92">
         <name>.debug_info</name>
         <load_address>0x16ad4</load_address>
         <run_address>0x16ad4</run_address>
         <size>0x148</size>
         <input_file_ref idref="fl-de"/>
      </object_component>
      <object_component id="oc-74">
         <name>.debug_info</name>
         <load_address>0x16c1c</load_address>
         <run_address>0x16c1c</run_address>
         <size>0x3bb</size>
         <input_file_ref idref="fl-e0"/>
      </object_component>
      <object_component id="oc-2a">
         <name>.debug_info</name>
         <load_address>0x16fd7</load_address>
         <run_address>0x16fd7</run_address>
         <size>0x101</size>
         <input_file_ref idref="fl-e0"/>
      </object_component>
      <object_component id="oc-32c">
         <name>.debug_info</name>
         <load_address>0x170d8</load_address>
         <run_address>0x170d8</run_address>
         <size>0x14c</size>
         <input_file_ref idref="fl-e0"/>
      </object_component>
      <object_component id="oc-31d">
         <name>.debug_info</name>
         <load_address>0x17224</load_address>
         <run_address>0x17224</run_address>
         <size>0x139</size>
         <input_file_ref idref="fl-e0"/>
      </object_component>
      <object_component id="oc-322">
         <name>.debug_info</name>
         <load_address>0x1735d</load_address>
         <run_address>0x1735d</run_address>
         <size>0x174</size>
         <input_file_ref idref="fl-e0"/>
      </object_component>
      <object_component id="oc-328">
         <name>.debug_info</name>
         <load_address>0x174d1</load_address>
         <run_address>0x174d1</run_address>
         <size>0x172</size>
         <input_file_ref idref="fl-e0"/>
      </object_component>
      <object_component id="oc-219">
         <name>.debug_info</name>
         <load_address>0x17643</load_address>
         <run_address>0x17643</run_address>
         <size>0x1db</size>
         <input_file_ref idref="fl-e0"/>
      </object_component>
      <object_component id="oc-213">
         <name>.debug_info</name>
         <load_address>0x1781e</load_address>
         <run_address>0x1781e</run_address>
         <size>0x1e6</size>
         <input_file_ref idref="fl-e0"/>
      </object_component>
      <object_component id="oc-be">
         <name>.debug_info</name>
         <load_address>0x17a04</load_address>
         <run_address>0x17a04</run_address>
         <size>0x62</size>
         <input_file_ref idref="fl-e0"/>
      </object_component>
      <object_component id="oc-274">
         <name>.debug_info</name>
         <load_address>0x17a66</load_address>
         <run_address>0x17a66</run_address>
         <size>0x8a6</size>
         <input_file_ref idref="fl-e1"/>
      </object_component>
      <object_component id="oc-23f">
         <name>.debug_info</name>
         <load_address>0x1830c</load_address>
         <run_address>0x1830c</run_address>
         <size>0x213</size>
         <input_file_ref idref="fl-e1"/>
      </object_component>
      <object_component id="oc-366">
         <name>.debug_info</name>
         <load_address>0x1851f</load_address>
         <run_address>0x1851f</run_address>
         <size>0x1a8</size>
         <input_file_ref idref="fl-e1"/>
      </object_component>
      <object_component id="oc-36c">
         <name>.debug_info</name>
         <load_address>0x186c7</load_address>
         <run_address>0x186c7</run_address>
         <size>0x210</size>
         <input_file_ref idref="fl-e1"/>
      </object_component>
      <object_component id="oc-24a">
         <name>.debug_info</name>
         <load_address>0x188d7</load_address>
         <run_address>0x188d7</run_address>
         <size>0x3b0</size>
         <input_file_ref idref="fl-e1"/>
      </object_component>
      <object_component id="oc-373">
         <name>.debug_info</name>
         <load_address>0x18c87</load_address>
         <run_address>0x18c87</run_address>
         <size>0x2fa</size>
         <input_file_ref idref="fl-e1"/>
      </object_component>
      <object_component id="oc-379">
         <name>.debug_info</name>
         <load_address>0x18f81</load_address>
         <run_address>0x18f81</run_address>
         <size>0x20a</size>
         <input_file_ref idref="fl-e1"/>
      </object_component>
      <object_component id="oc-250">
         <name>.debug_info</name>
         <load_address>0x1918b</load_address>
         <run_address>0x1918b</run_address>
         <size>0x20a</size>
         <input_file_ref idref="fl-e1"/>
      </object_component>
      <object_component id="oc-256">
         <name>.debug_info</name>
         <load_address>0x19395</load_address>
         <run_address>0x19395</run_address>
         <size>0x2f9</size>
         <input_file_ref idref="fl-e1"/>
      </object_component>
[...]
         <name>C$$EXIT</name>
         <value>0x4639</value>
         <object_component_ref idref="oc-110"/>
      </symbol>
      <symbol id="sm-370">
         <name>abort</name>
         <value>0x4639</value>
         <object_component_ref idref="oc-110"/>
      </symbol>
      <symbol id="sm-371">
         <name>__TI_dtors_ptr</name>
         <value>0x200005e4</value>
         <object_component_ref idref="oc-1c3"/>
      </symbol>
      <symbol id="sm-372">
         <name>__TI_cleanup_ptr</name>
         <value>0x200005e0</value>
         <object_component_ref idref="oc-1c3"/>
      </symbol>
      <symbol id="sm-373">
         <name>__TI_enable_exit_profile_output</name>
         <value>0x200005e8</value>
         <object_component_ref idref="oc-1c3"/>
      </symbol>
      <symbol id="sm-374">
         <name>exit</name>
         <value>0x406d</value>
         <object_component_ref idref="oc-116"/>
      </symbol>
      <symbol id="sm-389">
         <name>_nop</name>
         <value>0xb43</value>
         <object_component_ref idref="oc-27f"/>
      </symbol>
      <symbol id="sm-38a">
         <name>_lock</name>
         <value>0x20000604</value>
         <object_component_ref idref="oc-192"/>
      </symbol>
      <symbol id="sm-38b">
         <name>_unlock</name>
         <value>0x20000608</value>
         <object_component_ref idref="oc-192"/>
      </symbol>
      <symbol id="sm-3b0">
         <name>add_device</name>
         <value>0x33f5</value>
         <object_component_ref idref="oc-162"/>
      </symbol>
      <symbol id="sm-3cb">
         <name>__TI_tmpnams</name>
         <value>0x20000740</value>
      </symbol>
      <symbol id="sm-3cc">
         <name>__aeabi_stdout</name>
         <value>0x200005d8</value>
         <object_component_ref idref="oc-204"/>
      </symbol>
      <symbol id="sm-3cd">
         <name>__aeabi_stderr</name>
         <value>0x200005dc</value>
         <object_component_ref idref="oc-204"/>
      </symbol>
      <symbol id="sm-3ce">
         <name>__aeabi_stdin</name>
         <value>0x200005d4</value>
         <object_component_ref idref="oc-204"/>
      </symbol>
      <symbol id="sm-3cf">
         <name>_ftable</name>
         <value>0x20000400</value>
         <object_component_ref idref="oc-17a"/>
      </symbol>
      <symbol id="sm-3d0">
         <name>__TI_ft_end</name>
         <value>0x200005d0</value>
         <object_component_ref idref="oc-204"/>
      </symbol>
      <symbol id="sm-423">
         <name>__TI_cleanup</name>
         <value>0x4369</value>
         <object_component_ref idref="oc-21c"/>
      </symbol>
      <symbol id="sm-424">
         <name>freopen</name>
         <value>0x43d1</value>
         <object_component_ref idref="oc-16e"/>
      </symbol>
      <symbol id="sm-425">
         <name>fopen</name>
         <value>0x3561</value>
         <object_component_ref idref="oc-168"/>
      </symbol>
      <symbol id="sm-443">
         <name>finddevice</name>
         <value>0x4439</value>
         <object_component_ref idref="oc-1eb"/>
      </symbol>
      <symbol id="sm-444">
         <name>getdevice</name>
         <value>0x41c9</value>
         <object_component_ref idref="oc-3fb"/>
      </symbol>
      <symbol id="sm-466">
         <name>open</name>
         <value>0x3339</value>
         <object_component_ref idref="oc-2f9"/>
      </symbol>
      <symbol id="sm-48d">
         <name>printf</name>
         <value>0x3bd9</value>
         <object_component_ref idref="oc-f7"/>
      </symbol>
      <symbol id="sm-4ae">
         <name>setvbuf</name>
         <value>0x30b5</value>
         <object_component_ref idref="oc-174"/>
      </symbol>
      <symbol id="sm-4be">
         <name>strchr</name>
         <value>0x4591</value>
         <object_component_ref idref="oc-38c"/>
      </symbol>
      <symbol id="sm-4cd">
         <name>strcmp</name>
         <value>0x4579</value>
         <object_component_ref idref="oc-2b6"/>
      </symbol>
      <symbol id="sm-4db">
         <name>strcpy</name>
         <value>0x45bb</value>
         <object_component_ref idref="oc-df"/>
      </symbol>
      <symbol id="sm-4e9">
         <name>strlen</name>
         <value>0x45cf</value>
         <object_component_ref idref="oc-d3"/>
      </symbol>
      <symbol id="sm-4f9">
         <name>strncpy</name>
         <value>0x4331</value>
         <object_component_ref idref="oc-1f1"/>
      </symbol>
      <symbol id="sm-50c">
         <name>strstr</name>
         <value>0x4405</value>
         <object_component_ref idref="oc-d9"/>
      </symbol>
      <symbol id="sm-528">
         <name>_stream</name>
         <value>0x20000568</value>
         <object_component_ref idref="oc-402"/>
      </symbol>
      <symbol id="sm-529">
         <name>_device</name>
         <value>0x200004f0</value>
         <object_component_ref idref="oc-1f8"/>
      </symbol>
      <symbol id="sm-52a">
         <name>write</name>
         <value>0x4515</value>
         <object_component_ref idref="oc-3bc"/>
      </symbol>
      <symbol id="sm-552">
         <name>__TI_auto_init_nobinit_nopinit</name>
         <value>0x4185</value>
         <object_component_ref idref="oc-11c"/>
      </symbol>
      <symbol id="sm-55c">
         <name>_system_pre_init</name>
         <value>0x4635</value>
         <object_component_ref idref="oc-91"/>
      </symbol>
      <symbol id="sm-5d3">
         <name>_sys_memory</name>
         <value>0x20000000</value>
         <object_component_ref idref="oc-29"/>
      </symbol>
      <symbol id="sm-5d4">
         <name>free</name>
         <value>0x3191</value>
         <object_component_ref idref="oc-210"/>
      </symbol>
      <symbol id="sm-5d5">
         <name>malloc</name>
         <value>0x3945</value>
         <object_component_ref idref="oc-216"/>
      </symbol>
      <symbol id="sm-5d6">
         <name>minit</name>
         <value>0x42f9</value>
         <object_component_ref idref="oc-319"/>
      </symbol>
      <symbol id="sm-73b">
         <name>__TI_printfi</name>
         <value>0xe5</value>
         <object_component_ref idref="oc-18c"/>
      </symbol>
      <symbol id="sm-751">
         <name>atoi</name>
         <value>0x4021</value>
         <object_component_ref idref="oc-238"/>
      </symbol>
      <symbol id="sm-75c">
         <name>_ctypes_</name>
         <value>0x463c</value>
         <object_component_ref idref="oc-335"/>
      </symbol>
      <symbol id="sm-771">
         <name>__TI_closefile</name>
         <value>0x39bd</value>
         <object_component_ref idref="oc-209"/>
      </symbol>
      <symbol id="sm-781">
         <name>__TI_doflush</name>
         <value>0x3fd5</value>
         <object_component_ref idref="oc-304"/>
      </symbol>
      <symbol id="sm-796">
         <name>putc</name>
         <value>0x3731</value>
         <object_component_ref idref="oc-290"/>
      </symbol>
      <symbol id="sm-797">
         <name>fputc</name>
         <value>0x3731</value>
         <object_component_ref idref="oc-290"/>
      </symbol>
      <symbol id="sm-7b5">
         <name>fputs</name>
         <value>0x2d95</value>
         <object_component_ref idref="oc-289"/>
      </symbol>
      <symbol id="sm-7c4">
         <name>ltoa</name>
         <value>0x3f2f</value>
         <object_component_ref idref="oc-355"/>
      </symbol>
      <symbol id="sm-7d4">
         <name>memccpy</name>
         <value>0x455d</value>
         <object_component_ref idref="oc-261"/>
      </symbol>
      <symbol id="sm-7e4">
         <name>memchr</name>
         <value>0x453d</value>
         <object_component_ref idref="oc-3b6"/>
      </symbol>
      <symbol id="sm-7f6">
         <name>HOSTclose</name>
         <value>0x40fd</value>
         <object_component_ref idref="oc-2c6"/>
      </symbol>
      <symbol id="sm-807">
         <name>HOSTlseek</name>
         <value>0x3aa1</value>
         <object_component_ref idref="oc-2d8"/>
      </symbol>
      <symbol id="sm-819">
         <name>parmbuf</name>
         <value>0x2000081c</value>
      </symbol>
      <symbol id="sm-81a">
         <name>HOSTopen</name>
         <value>0x3d6d</value>
         <object_component_ref idref="oc-2c0"/>
      </symbol>
      <symbol id="sm-82b">
         <name>HOSTread</name>
         <value>0x3e29</value>
         <object_component_ref idref="oc-2cc"/>
      </symbol>
      <symbol id="sm-83c">
         <name>HOSTrename</name>
         <value>0x3b09</value>
         <object_component_ref idref="oc-2e4"/>
      </symbol>
      <symbol id="sm-84d">
         <name>HOSTunlink</name>
         <value>0x4141</value>
         <object_component_ref idref="oc-2de"/>
      </symbol>
      <symbol id="sm-85e">
         <name>HOSTwrite</name>
         <value>0x3e81</value>
         <object_component_ref idref="oc-2d2"/>
      </symbol>
      <symbol id="sm-882">
         <name>__TI_readmsg</name>
         <value>0x439d</value>
         <object_component_ref idref="oc-3de"/>
      </symbol>
      <symbol id="sm-883">
         <name>C$$IO$$</name>
         <value>0x42b7</value>
         <object_component_ref idref="oc-3d8"/>
      </symbol>
      <symbol id="sm-884">
         <name>__CIOBUF_</name>
         <value>0x20000620</value>
         <object_component_ref idref="oc-45f"/>
      </symbol>
      <symbol id="sm-885">
         <name>__TI_writemsg</name>
         <value>0x4289</value>
         <object_component_ref idref="oc-3d8"/>
      </symbol>
      <symbol id="sm-895">
         <name>unlink</name>
         <value>0x4499</value>
         <object_component_ref idref="oc-310"/>
      </symbol>
      <symbol id="sm-8b5">
         <name>frexpl</name>
         <value>0x3c41</value>
         <object_component_ref idref="oc-380"/>
      </symbol>
      <symbol id="sm-8b6">
         <name>frexp</name>
         <value>0x3c41</value>
         <object_component_ref idref="oc-380"/>
      </symbol>
      <symbol id="sm-8d3">
         <name>scalbn</name>
         <value>0x2ea9</value>
         <object_component_ref idref="oc-386"/>
      </symbol>
      <symbol id="sm-8d4">
         <name>scalbnl</name>
         <value>0x2ea9</value>
         <object_component_ref idref="oc-386"/>
      </symbol>
      <symbol id="sm-8d5">
         <name>ldexpl</name>
         <value>0x2ea9</value>
         <object_component_ref idref="oc-386"/>
      </symbol>
      <symbol id="sm-8d6">
         <name>ldexp</name>
         <value>0x2ea9</value>
         <object_component_ref idref="oc-386"/>
      </symbol>
      <symbol id="sm-8e0">
         <name>copysign</name>
         <value>0x45a7</value>
         <object_component_ref idref="oc-432"/>
      </symbol>
      <symbol id="sm-8e1">
         <name>copysignl</name>
         <value>0x45a7</value>
         <object_component_ref idref="oc-432"/>
      </symbol>
      <symbol id="sm-8fa">
         <name>wcslen</name>
         <value>0x45f5</value>
         <object_component_ref idref="oc-267"/>
      </symbol>
      <symbol id="sm-911">
         <name>__aeabi_dsub</name>
         <value>0x26dd</value>
         <object_component_ref idref="oc-360"/>
      </symbol>
      <symbol id="sm-912">
         <name>__aeabi_dadd</name>
         <value>0x26e7</value>
         <object_component_ref idref="oc-360"/>
      </symbol>
      <symbol id="sm-934">
         <name>__aeabi_cdcmpeq</name>
         <value>0x37bd</value>
         <object_component_ref idref="oc-244"/>
      </symbol>
      <symbol id="sm-935">
         <name>__aeabi_cdcmple</name>
         <value>0x37bd</value>
         <object_component_ref idref="oc-244"/>
      </symbol>
      <symbol id="sm-936">
         <name>__aeabi_cdrcmple</name>
         <value>0x3843</value>
         <object_component_ref idref="oc-34b"/>
      </symbol>
      <symbol id="sm-94a">
         <name>__aeabi_ddiv</name>
         <value>0x2b3d</value>
         <object_component_ref idref="oc-346"/>
      </symbol>
      <symbol id="sm-955">
         <name>__aeabi_dmul</name>
         <value>0x2fb9</value>
         <object_component_ref idref="oc-341"/>
      </symbol>
      <symbol id="sm-95f">
         <name>__aeabi_d2iz</name>
         <value>0x40b5</value>
         <object_component_ref idref="oc-350"/>
      </symbol>
      <symbol id="sm-969">
         <name>__aeabi_i2d</name>
         <value>0x4469</value>
         <object_component_ref idref="oc-35b"/>
      </symbol>
      <symbol id="sm-976">
         <name>__aeabi_uldivmod</name>
         <value>0x3699</value>
         <object_component_ref idref="oc-33a"/>
      </symbol>
      <symbol id="sm-98c">
         <name>__aeabi_errno_addr</name>
         <value>0x4625</value>
         <object_component_ref idref="oc-26d"/>
      </symbol>
      <symbol id="sm-98d">
         <name>errno</name>
         <value>0x20000610</value>
         <object_component_ref idref="oc-39c"/>
      </symbol>
      <symbol id="sm-9a0">
         <name>__TI_wrt_ok</name>
         <value>0x3d09</value>
         <object_component_ref idref="oc-3b0"/>
      </symbol>
      <symbol id="sm-9b4">
         <name>close</name>
         <value>0x3dcd</value>
         <object_component_ref idref="oc-30a"/>
      </symbol>
      <symbol id="sm-9c6">
         <name>fseek</name>
         <value>0x3ca5</value>
         <object_component_ref idref="oc-44e"/>
      </symbol>
      <symbol id="sm-9d6">
         <name>lseek</name>
         <value>0x44c5</value>
         <object_component_ref idref="oc-48f"/>
      </symbol>
      <symbol id="sm-9e0">
         <name>__aeabi_idiv0</name>
         <value>0x2893</value>
         <object_component_ref idref="oc-419"/>
      </symbol>
      <symbol id="sm-9e1">
         <name>__aeabi_ldiv0</name>
         <value>0x2893</value>
         <object_component_ref idref="oc-419"/>
      </symbol>
      <symbol id="sm-9e2">
         <name>__TI_static_base__</name>
         <value>0x0</value>
      </symbol>
      <symbol id="sm-9e5">
         <name>__mpu_init</name>
         <value>0x0</value>
      </symbol>
      <symbol id="sm-9e6">
         <name>_system_post_cinit</name>
         <value>0x0</value>
      </symbol>
      <symbol id="sm-9e7">
         <name>NMI_Handler</name>
         <value>0x4621</value>
      </symbol>
      <symbol id="sm-9e8">
         <name>HardFault_Handler</name>
         <value>0x4621</value>
      </symbol>
      <symbol id="sm-9e9">
         <name>MemManage_Handler</name>
         <value>0x4621</value>
      </symbol>
      <symbol id="sm-9ea">
         <name>BusFault_Handler</name>
         <value>0x4621</value>
      </symbol>
      <symbol id="sm-9eb">
         <name>UsageFault_Handler</name>
         <value>0x4621</value>
      </symbol>
      <symbol id="sm-9ec">
         <name>SVC_Handler</name>
         <value>0x4621</value>
      </symbol>
      <symbol id="sm-9ed">
         <name>DebugMon_Handler</name>
         <value>0x4621</value>
      </symbol>
      <symbol id="sm-9ee">
         <name>PendSV_Handler</name>
         <value>0x4621</value>
      </symbol>
      <symbol id="sm-9ef">
         <name>SysTick_Handler</name>
         <value>0x4621</value>
      </symbol>
      <symbol id="sm-9f0">
         <name>PSS_IRQHandler</name>
         <value>0x4621</value>
      </symbol>
      <symbol id="sm-9f1">
         <name>CS_IRQHandler</name>
         <value>0x4621</value>
      </symbol>
      <symbol id="sm-9f2">
         <name>PCM_IRQHandler</name>
         <value>0x4621</value>
      </symbol>
      <symbol id="sm-9f3">
         <name>WDT_A_IRQHandler</name>
         <value>0x4621</value>
      </symbol>
      <symbol id="sm-9f4">
         <name>FPU_IRQHandler</name>
         <value>0x4621</value>
      </symbol>
      <symbol id="sm-9f5">
         <name>FLCTL_IRQHandler</name>
         <value>0x4621</value>
      </symbol>
      <symbol id="sm-9f6">
         <name>COMP_E0_IRQHandler</name>
         <value>0x4621</value>
      </symbol>
      <symbol id="sm-9f7">
         <name>COMP_E1_IRQHandler</name>
         <value>0x4621</value>
      </symbol>
      <symbol id="sm-9f8">
         <name>TA0_0_IRQHandler</name>
         <value>0x4621</value>
      </symbol>
      <symbol id="sm-9f9">
         <name>TA0_N_IRQHandler</name>
         <value>0x4621</value>
      </symbol>
      <symbol id="sm-9fa">
         <name>TA1_0_IRQHandler</name>
         <value>0x4621</value>
      </symbol>
      <symbol id="sm-9fb">
         <name>TA1_N_IRQHandler</name>
         <value>0x4621</value>
      </symbol>
      <symbol id="sm-9fc">
         <name>TA2_0_IRQHandler</name>
         <value>0x4621</value>
      </symbol>
      <symbol id="sm-9fd">
         <name>TA2_N_IRQHandler</name>
         <value>0x4621</value>
      </symbol>
      <symbol id="sm-9fe">
         <name>TA3_0_IRQHandler</name>
         <value>0x4621</value>
      </symbol>
      <symbol id="sm-9ff">
         <name>TA3_N_IRQHandler</name>
         <value>0x4621</value>
      </symbol>
      <symbol id="sm-a00">
         <name>EUSCIA0_IRQHandler</name>
         <value>0x4621</value>
      </symbol>
      <symbol id="sm-a01">
         <name>EUSCIA1_IRQHandler</name>
         <value>0x4621</value>
      </symbol>
      <symbol id="sm-a02">
         <name>EUSCIA2_IRQHandler</name>
         <value>0x4621</value>
      </symbol>
      <symbol id="sm-a03">
         <name>EUSCIA3_IRQHandler</name>
         <value>0x4621</value>
      </symbol>
      <symbol id="sm-a04">
         <name>EUSCIB0_IRQHandler</name>
         <value>0x4621</value>
      </symbol>
      <symbol id="sm-a05">
         <name>EUSCIB1_IRQHandler</name>
         <value>0x4621</value>
      </symbol>
      <symbol id="sm-a06">
         <name>EUSCIB2_IRQHandler</name>
         <value>0x4621</value>
      </symbol>
      <symbol id="sm-a07">
         <name>EUSCIB3_IRQHandler</name>
         <value>0x4621</value>
      </symbol>
      <symbol id="sm-a08">
         <name>ADC14_IRQHandler</name>
         <value>0x4621</value>
      </symbol>
      <symbol id="sm-a09">
         <name>T32_INT1_IRQHandler</name>
         <value>0x4621</value>
      </symbol>
      <symbol id="sm-a0a">
         <name>T32_INT2_IRQHandler</name>
         <value>0x4621</value>
      </symbol>
      <symbol id="sm-a0b">
         <name>T32_INTC_IRQHandler</name>
         <value>0x4621</value>
      </symbol>
      <symbol id="sm-a0c">
         <name>AES256_IRQHandler</name>
         <value>0x4621</value>
      </symbol>
      <symbol id="sm-a0d">
         <name>RTC_C_IRQHandler</name>
         <value>0x4621</value>
      </symbol>
      <symbol id="sm-a0e">
         <name>DMA_ERR_IRQHandler</name>
         <value>0x4621</value>
      </symbol>
      <symbol id="sm-a0f">
         <name>DMA_INT3_IRQHandler</name>
         <value>0x4621</value>
      </symbol>
      <symbol id="sm-a10">
         <name>DMA_INT2_IRQHandler</name>
         <value>0x4621</value>
      </symbol>
      <symbol id="sm-a11">
         <name>DMA_INT1_IRQHandler</name>
         <value>0x4621</value>
      </symbol>
      <symbol id="sm-a12">
         <name>DMA_INT0_IRQHandler</name>
         <value>0x4621</value>
      </symbol>
      <symbol id="sm-a13">
         <name>PORT1_IRQHandler</name>
         <value>0x4621</value>
      </symbol>
      <symbol id="sm-a14">
         <name>PORT2_IRQHandler</name>
         <value>0x4621</value>
      </symbol>
      <symbol id="sm-a15">
         <name>PORT3_IRQHandler</name>
         <value>0x4621</value>
      </symbol>
      <symbol id="sm-a16">
         <name>PORT4_IRQHandler</name>
         <value>0x4621</value>
      </symbol>
      <symbol id="sm-a17">
         <name>PORT5_IRQHandler</name>
         <value>0x4621</value>
      </symbol>
      <symbol id="sm-a18">
         <name>PORT6_IRQHandler</name>
         <value>0x4621</value>
      </symbol>
      <symbol id="sm-a19">
         <name>remove</name>
         <value>0x4499</value>
      </symbol>
   </symbol_table>
   <title>Link successful</title>
</link_info>
