******************************************************************************
                  TI ARM Linker PC v18.1.1                     
******************************************************************************
>> Linked Sat Jul 25 12:43:27 2020

OUTPUT FILE NAME:   <motor_test.out>
ENTRY POINT SYMBOL: "_c_int00_noargs"  address: 000042c1


MEMORY CONFIGURATION

         name            origin    length      used     unused   attr    fill
----------------------  --------  ---------  --------  --------  ----  --------
  MAIN                  00000000   00040000  00004808  0003b7f8  R  X
  INFO                  00200000   00004000  00000000  00004000  R  X
  SRAM_CODE             01000000   00010000  00000a29  0000f5d7  RW X
  SRAM_DATA             20000000   00010000  00000a29  0000f5d7  RW  


SEGMENT ALLOCATION MAP

run origin  load origin   length   init length attrs members
----------  ----------- ---------- ----------- ----- -------
00000000    00000000    00004808   00004808    r-x
  00000000    00000000    000000e4   000000e4    r-- .intvecs
  000000e4    000000e4    00004558   00004558    r-x .text
  0000463c    0000463c    00000124   00000124    r-- .const
  00004760    00004760    000000a8   000000a8    r-- .cinit
20000000    20000000    00000829   00000000    rw-
  20000000    20000000    00000400   00000000    rw- .sysmem
  20000400    20000400    00000220   00000000    rw- .data
  20000620    20000620    00000209   00000000    rw- .bss
2000fe00    2000fe00    00000200   00000000    rw-
  2000fe00    2000fe00    00000200   00000000    rw- .stack


SECTION ALLOCATION MAP

 output                                  attributes/
section   page    origin      length       input sections
--------  ----  ----------  ----------   ----------------
.intvecs   0    00000000    000000e4     
                  00000000    000000e4     startup_msp432p401r_ccs.obj (.intvecs:retain)

.text      0    000000e4    00004558     
                  000000e4    00000a5e     rtsv7M4_T_le_v4SPD16_eabi.lib : _printfi.c.obj (.text:__TI_printfi)
                  00000b42    00000002                                   : _lock.c.obj (.text:_nop)
                  00000b44    00000774     main.obj (.text)
                  000012b8    000006bc     UART0.obj (.text)
                  00001974    00000334     system_msp432p401r.obj (.text)
                  00001ca8    00000270     rtsv7M4_T_le_v4SPD16_eabi.lib : _printfi.c.obj (.text:_pconv_a)
                  00001f18    00000228     PWM.obj (.text)
                  00002140    000001ec     Reflectance.obj (.text)
                  0000232c    000001e0     Clock.obj (.text)
                  0000250c    000001d0     rtsv7M4_T_le_v4SPD16_eabi.lib : _printfi.c.obj (.text:_pconv_g)
                  000026dc    000001b6                                   : fd_add_t2.asm.obj (.text)
                  00002892    00000002                                   : div0.asm.obj (.text)
                  00002894    0000016c     Motor.obj (.text)
                  00002a00    0000013c     rtsv7M4_T_le_v4SPD16_eabi.lib : _printfi.c.obj (.text:_pconv_e)
                  00002b3c    00000136                                   : fd_div_t2.asm.obj (.text)
                  00002c72    00000002     --HOLE-- [fill = 0]
                  00002c74    00000120                                   : _printfi.c.obj (.text:fcvt)
                  00002d94    00000114                                   : fputs.c.obj (.text:fputs)
                  00002ea8    00000110                                   : s_scalbn.c.obj (.text:scalbn)
                  00002fb8    000000fc                                   : fd_mul_t2.asm.obj (.text)
                  000030b4    000000dc                                   : setvbuf.c.obj (.text:setvbuf)
                  00003190    000000d8                                   : memory.c.obj (.text:free)
                  00003268    000000d0                                   : fopen.c.obj (.text:_openfile)
                  00003338    000000bc                                   : open.c.obj (.text:open)
                  000033f4    000000b8                                   : add_device.c.obj (.text:add_device)
                  000034ac    000000b1                                   : _printfi.c.obj (.text:_ltostr)
                  0000355d    00000003     --HOLE-- [fill = 0]
                  00003560    0000009c                                   : fopen.c.obj (.text:fopen)
                  000035fc    0000009c                                   : memcpy_t2.asm.obj (.text)
                  00003698    00000096                                   : ull_div_t2.asm.obj (.text)
                  0000372e    00000002     --HOLE-- [fill = 0]
                  00003730    0000008c                                   : fputc.c.obj (.text:fputc)
                  000037bc    00000086                                   : fd_cmp_t2.asm.obj (.text:__aeabi_cdcmple)
                  00003842    00000086                                   : fd_cmp_t2.asm.obj (.text:__aeabi_cdrcmple)
                  000038c8    0000007a                                   : memset_t2.asm.obj (.text)
                  00003942    00000002     --HOLE-- [fill = 0]
                  00003944    00000078                                   : memory.c.obj (.text:malloc)
                  000039bc    00000074                                   : fclose.c.obj (.text:__TI_closefile)
                  00003a30    0000006e                                   : _printfi.c.obj (.text:_mcpy)
                  00003a9e    00000002     --HOLE-- [fill = 0]
                  00003aa0    00000068                                   : hostlseek.c.obj (.text:HOSTlseek)
                  00003b08    00000068                                   : hostrename.c.obj (.text:HOSTrename)
                  00003b70    00000068                                   : copy_decompress_lzss.c.obj (.text:decompress:lzss:__TI_decompress_lzss)
                  00003bd8    00000068                                   : printf.c.obj (.text:printf)
                  00003c40    00000064                                   : s_frexp.c.obj (.text:frexp)
                  00003ca4    00000064                                   : fseek.c.obj (.text:fseek)
                  00003d08    00000062                                   : _io_perm.c.obj (.text:__TI_wrt_ok)
                  00003d6a    00000002     --HOLE-- [fill = 0]
                  00003d6c    00000060                                   : hostopen.c.obj (.text:HOSTopen)
                  00003dcc    0000005c                                   : close.c.obj (.text:close)
                  00003e28    00000058                                   : hostread.c.obj (.text:HOSTread)
                  00003e80    00000058                                   : hostwrite.c.obj (.text:HOSTwrite)
                  00003ed8    00000056                                   : _printfi.c.obj (.text:_pconv_f)
                  00003f2e    00000054                                   : ltoa.c.obj (.text:ltoa)
                  00003f82    00000052                                   : _printfi.c.obj (.text:_ecpy)
                  00003fd4    0000004c                                   : fflush.c.obj (.text:__TI_doflush)
                  00004020    0000004c                                   : atoi.c.obj (.text:atoi)
                  0000406c    00000048                                   : exit.c.obj (.text:exit)
                  000040b4    00000048                                   : fd_toi_t2.asm.obj (.text)
                  000040fc    00000044                                   : hostclose.c.obj (.text:HOSTclose)
                  00004140    00000044                                   : hostunlink.c.obj (.text:HOSTunlink)
                  00004184    00000044                                   : autoinit.c.obj (.text:__TI_auto_init_nobinit_nopinit:__TI_auto_init_nobinit_nopinit)
                  000041c8    00000044                                   : getdevice.c.obj (.text:getdevice)
                  0000420c    0000003e                                   : _printfi.c.obj (.text:_fcpy)
                  0000424a    00000002     --HOLE-- [fill = 0]
                  0000424c    0000003c                                   : memory.c.obj (.text:minsert)
                  00004288    00000038                                   : trgmsg.c.obj (.text:__TI_writemsg)
                  000042c0    00000038                                   : boot_cortex_m.c.obj (.text:_c_int00_noargs:_c_int00_noargs)
                  000042f8    00000038                                   : memory.c.obj (.text:minit)
                  00004330    00000036                                   : strncpy.c.obj (.text:strncpy)
                  00004366    00000002     --HOLE-- [fill = 0]
                  00004368    00000034                                   : fopen.c.obj (.text:__TI_cleanup)
                  0000439c    00000034                                   : trgmsg.c.obj (.text:__TI_readmsg)
                  000043d0    00000034                                   : fopen.c.obj (.text:freopen)
                  00004404    00000034                                   : strstr.c.obj (.text:strstr)
                  00004438    00000030                                   : getdevice.c.obj (.text:finddevice)
                  00004468    0000002e                                   : i_tofd_t2.asm.obj (.text)
                  00004496    00000002     --HOLE-- [fill = 0]
                  00004498    0000002c                                   : unlink.c.obj (.text:unlink)
                  000044c4    00000028                                   : lseek.c.obj (.text:lseek)
                  000044ec    00000028                                   : memory.c.obj (.text:mremove)
                  00004514    00000028                                   : write.c.obj (.text:write)
                  0000453c    00000020                                   : memchr.c.obj (.text:memchr)
                  0000455c    0000001c                                   : memccpy.c.obj (.text:memccpy)
                  00004578    00000018                                   : strcmp.c.obj (.text:strcmp)
                  00004590    00000016                                   : strchr.c.obj (.text:strchr)
                  000045a6    00000014                                   : s_copysign.c.obj (.text:copysign)
                  000045ba    00000014                                   : strcpy.c.obj (.text:strcpy)
                  000045ce    00000014                                   : strlen.c.obj (.text:strlen)
                  000045e2    00000012                                   : copy_zero_init.c.obj (.text:decompress:ZI:__TI_zero_init_nomemset:__TI_zero_init_nomemset)
                  000045f4    00000012                                   : wcslen.c.obj (.text:wcslen)
                  00004606    0000000e                                   : copy_decompress_none.c.obj (.text:decompress:none:__TI_decompress_none)
                  00004614    0000000e     startup_msp432p401r_ccs.obj (.text)
                  00004622    00000002     --HOLE-- [fill = 0]
                  00004624    00000008     rtsv7M4_T_le_v4SPD16_eabi.lib : errno.c.obj (.text:__aeabi_errno_addr)
                  0000462c    00000004                                   : printf.c.obj (.text:_outc)
                  00004630    00000004                                   : printf.c.obj (.text:_outs)
                  00004634    00000004                                   : pre_init.c.obj (.text:_system_pre_init)
                  00004638    00000004                                   : exit.c.obj (.text:abort:abort)

.const     0    0000463c    00000124     
                  0000463c    00000101     rtsv7M4_T_le_v4SPD16_eabi.lib : ctype.c.obj (.const:.string:_ctypes_)
                  0000473d    00000003     --HOLE-- [fill = 0]
                  00004740    00000020     Reflectance.obj (.const:$P$T0$1)

.cinit     0    00004760    000000a8     
                  00004760    00000080     (.cinit..data.load) [load image, compression = lzss]
                  000047e0    0000000c     (__TI_handler_table)
                  000047ec    00000004     --HOLE-- [fill = 0]
                  000047f0    00000008     (.cinit..bss.load) [load image, compression = zero_init]
                  000047f8    00000010     (__TI_cinit_table)

.init_array 
*          0    00000000    00000000     UNINITIALIZED

.binit     0    00000000    00000000     

.sysmem    0    20000000    00000400     UNINITIALIZED
                  20000000    00000008     rtsv7M4_T_le_v4SPD16_eabi.lib : memory.c.obj (.sysmem)
                  20000008    000003f8     --HOLE--

.data      0    20000400    00000220     UNINITIALIZED
                  20000400    000000f0     rtsv7M4_T_le_v4SPD16_eabi.lib : defs.c.obj (.data:_ftable)
                  200004f0    00000078                                   : write.c.obj (.data:_device)
                  20000568    00000050                                   : write.c.obj (.data:_stream)
                  200005b8    00000018     Clock.obj (.data)
                  200005d0    00000010     rtsv7M4_T_le_v4SPD16_eabi.lib : defs.c.obj (.data)
                  200005e0    0000000c                                   : exit.c.obj (.data:$O1$$)
                  200005ec    0000000c                                   : memory.c.obj (.data:$O1$$)
                  200005f8    0000000c     main.obj (.data)
                  20000604    00000008     rtsv7M4_T_le_v4SPD16_eabi.lib : _lock.c.obj (.data:$O1$$)
                  2000060c    00000004                                   : add_device.c.obj (.data)
                  20000610    00000004                                   : errno.c.obj (.data)
                  20000614    00000004                                   : fopen.c.obj (.data)
                  20000618    00000004                                   : open.c.obj (.data)
                  2000061c    00000004     system_msp432p401r.obj (.data)

.bss       0    20000620    00000209     UNINITIALIZED
                  20000620    00000120     rtsv7M4_T_le_v4SPD16_eabi.lib : trgmsg.c.obj (.bss:_CIOBUF_)
                  20000740    000000a0     (.common:__TI_tmpnams)
                  200007e0    00000034     (.common:path_maze)
                  20000814    00000008     (.common:Messageb)
                  2000081c    00000008     (.common:parmbuf)
                  20000824    00000004     (.common:Messageindexb)
                  20000828    00000001     (.common:Data)

.stack     0    2000fe00    00000200     UNINITIALIZED
                  2000fe00    00000004     rtsv7M4_T_le_v4SPD16_eabi.lib : boot_cortex_m.c.obj (.stack)
                  2000fe04    000001fc     --HOLE--

MODULE SUMMARY

       Module                        code    ro data   rw data
       ------                        ----    -------   -------
    .\
       main.obj                      1908    0         130    
       UART0.obj                     1724    0         24     
       system_msp432p401r.obj        820     0         8      
       PWM.obj                       552     0         0      
       Clock.obj                     480     0         48     
       Reflectance.obj               492     32        0      
       Motor.obj                     364     0         0      
       startup_msp432p401r_ccs.obj   14      228       0      
    +--+-----------------------------+-------+---------+---------+
       Total:                        6354    260       210    
                                                              
    A:\CCS_10\CCS\ccsv8\tools\compiler\ti-cgt-arm_18.1.1.LTS\lib\rtsv7M4_T_le_v4SPD16_eabi.lib
       _printfi.c.obj                4863    0         0      
       defs.c.obj                    0       0         832    
       trgmsg.c.obj                  108     0         576    
       memory.c.obj                  492     0         24     
       fopen.c.obj                   468     0         8      
       write.c.obj                   40      0         400    
       fd_add_t2.asm.obj             438     0         0      
       fd_div_t2.asm.obj             310     0         0      
       fputs.c.obj                   276     0         0      
       s_scalbn.c.obj                272     0         0      
       fd_cmp_t2.asm.obj             268     0         0      
       ctype.c.obj                   0       257       0      
       fd_mul_t2.asm.obj             252     0         0      
       setvbuf.c.obj                 220     0         0      
       open.c.obj                    188     0         8      
       add_device.c.obj              184     0         8      
       memcpy_t2.asm.obj             156     0         0      
       ull_div_t2.asm.obj            150     0         0      
       fputc.c.obj                   140     0         0      
       memset_t2.asm.obj             122     0         0      
       fclose.c.obj                  116     0         0      
       getdevice.c.obj               116     0         0      
       hostopen.c.obj                96      0         16     
       printf.c.obj                  112     0         0      
       copy_decompress_lzss.c.obj    104     0         0      
       hostlseek.c.obj               104     0         0      
       hostrename.c.obj              104     0         0      
       exit.c.obj                    76      0         24     
       fseek.c.obj                   100     0         0      
       s_frexp.c.obj                 100     0         0      
       _io_perm.c.obj                98      0         0      
       close.c.obj                   92      0         0      
       hostread.c.obj                88      0         0      
       hostwrite.c.obj               88      0         0      
       ltoa.c.obj                    84      0         0      
       atoi.c.obj                    76      0         0      
       fflush.c.obj                  76      0         0      
       fd_toi_t2.asm.obj             72      0         0      
       autoinit.c.obj                68      0         0      
       hostclose.c.obj               68      0         0      
       hostunlink.c.obj              68      0         0      
       boot_cortex_m.c.obj           56      0         0      
       strncpy.c.obj                 54      0         0      
       strstr.c.obj                  52      0         0      
       i_tofd_t2.asm.obj             46      0         0      
       unlink.c.obj                  44      0         0      
       lseek.c.obj                   40      0         0      
       memchr.c.obj                  32      0         0      
       memccpy.c.obj                 28      0         0      
       strcmp.c.obj                  24      0         0      
       strchr.c.obj                  22      0         0      
       s_copysign.c.obj              20      0         0      
       strcpy.c.obj                  20      0         0      
       strlen.c.obj                  20      0         0      
       _lock.c.obj                   2       0         16     
       copy_zero_init.c.obj          18      0         0      
       wcslen.c.obj                  18      0         0      
       errno.c.obj                   8       0         8      
       copy_decompress_none.c.obj    14      0         0      
       pre_init.c.obj                4       0         0      
       div0.asm.obj                  2       0         0      
    +--+-----------------------------+-------+---------+---------+
       Total:                        11377   257       1920   
                                                              
       Heap:                         0       0         2048   
       Stack:                        0       0         1024   
       Linker Generated:             0       164       0      
    +--+-----------------------------+-------+---------+---------+
       Grand Total:                  17731   681       5202   


LINKER GENERATED COPY TABLES

__TI_cinit_table @ 000047f8 records: 2, size/record: 8, table size: 16
	.data: load addr=00004760, load size=00000080 bytes, run addr=20000400, run size=00000220 bytes, compression=lzss
	.bss: load addr=000047f0, load size=00000008 bytes, run addr=20000620, run size=00000209 bytes, compression=zero_init


LINKER GENERATED HANDLER TABLE

__TI_handler_table @ 000047e0 records: 3, size/record: 4, table size: 12
	index: 0, handler: __TI_decompress_lzss
	index: 1, handler: __TI_decompress_none
	index: 2, handler: __TI_zero_init


GLOBAL SYMBOLS: SORTED ALPHABETICALLY BY Name 

address   name                           
-------   ----                           
00004621  ADC14_IRQHandler               
00004621  AES256_IRQHandler              
00004621  BusFault_Handler               
00004639  C$$EXIT                        
000042b7  C$$IO$$                        
00004621  COMP_E0_IRQHandler             
00004621  COMP_E1_IRQHandler             
200005c0  CPMwait                        
00004621  CS_IRQHandler                  
200005b8  ClockFrequency                 
00002481  Clock_Delay1ms                 
00002457  Clock_Delay1us                 
00002443  Clock_GetFreq                  
0000232d  Clock_Init48MHz                
200005cc  Crystalstable                  
00004621  DMA_ERR_IRQHandler             
00004621  DMA_INT0_IRQHandler            
00004621  DMA_INT1_IRQHandler            
00004621  DMA_INT2_IRQHandler            
00004621  DMA_INT3_IRQHandler            
20000828  Data                           
00004621  DebugMon_Handler               
00004621  Default_Handler                
00004621  EUSCIA0_IRQHandler             
00004621  EUSCIA1_IRQHandler             
00004621  EUSCIA2_IRQHandler             
00004621  EUSCIA3_IRQHandler             
00004621  EUSCIB0_IRQHandler             
00004621  EUSCIB1_IRQHandler             
00004621  EUSCIB2_IRQHandler             
00004621  EUSCIB3_IRQHandler             
00004621  FLCTL_IRQHandler               
00004621  FPU_IRQHandler                 
000040fd  HOSTclose                      
00003aa1  HOSTlseek                      
00003d6d  HOSTopen                       
00003e29  HOSTread                       
00003b09  HOSTrename                     
00004141  HOSTunlink                     
00003e81  HOSTwrite                      
00004621  HardFault_Handler              
200005c8  IFlags                         
200005f8  L                              
00000c45  MOD1                           
20000600  MOD1_Finished                  
0000102d  MOD2                           
20000601  MOD2_Finished                  
00004621  MemManage_Handler              
20000814  Messageb                       
20000824  Messageindexb                  
000029ab  Motor_Backward                 
00002907  Motor_Forward                  
00002895  Motor_Init                     
00002971  Motor_Left                     
00002937  Motor_Right                    
000028e7  Motor_Stop                     
00004621  NMI_Handler                    
00004621  PCM_IRQHandler                 
00004621  PORT1_IRQHandler               
00004621  PORT2_IRQHandler               
00004621  PORT3_IRQHandler               
00004621  PORT4_IRQHandler               
00004621  PORT5_IRQHandler               
00004621  PORT6_IRQHandler               
00004621  PSS_IRQHandler                 
00002003  PWM_Duty1                      
00002023  PWM_Duty2                      
000020c7  PWM_Duty3                      
000020e7  PWM_Duty4                      
00001f19  PWM_Init1                      
00001f7f  PWM_Init12                     
00002043  PWM_Init34                     
00004621  PendSV_Handler                 
00000b45  Port2_Init                     
00000b65  Port2_Output                   
200005c4  Postwait                       
200005bc  Prewait                        
200005fa  R                              
00004621  RTC_C_IRQHandler               
000021b1  Reflectance_Center             
000022f7  Reflectance_End                
00002141  Reflectance_Init               
000021f3  Reflectance_Position           
00002161  Reflectance_Read               
000022c5  Reflectance_Start              
00000b79  ReplaceSubStr                  
00004615  Reset_Handler                  
00004621  SVC_Handler                    
00004621  SysTick_Handler                
2000061c  SystemCoreClock                
00001975  SystemCoreClockUpdate          
00001bed  SystemInit                     
00004621  T32_INT1_IRQHandler            
00004621  T32_INT2_IRQHandler            
00004621  T32_INTC_IRQHandler            
00004621  TA0_0_IRQHandler               
00004621  TA0_N_IRQHandler               
00004621  TA1_0_IRQHandler               
00004621  TA1_N_IRQHandler               
00004621  TA2_0_IRQHandler               
00004621  TA2_N_IRQHandler               
00004621  TA3_0_IRQHandler               
00004621  TA3_N_IRQHandler               
000012ff  UART0_InChar                   
00001789  UART0_InString                 
00001349  UART0_InUDec                   
0000163d  UART0_InUHex                   
000012b9  UART0_Init                     
000018e9  UART0_Initprintf               
0000130f  UART0_OutChar                  
0000132b  UART0_OutString                
000013cd  UART0_OutUDec                  
00001539  UART0_OutUDec4                 
0000158d  UART0_OutUDec5                 
000015c9  UART0_OutUFix1                 
000015f1  UART0_OutUFix2                 
00001701  UART0_OutUHex                  
0000176d  UART0_OutUHex2                 
00004621  UsageFault_Handler             
4000480c  WDTCTL_SYM                     
00004621  WDT_A_IRQHandler               
20000620  __CIOBUF_                      
20010000  __STACK_END                    
00000200  __STACK_SIZE                   
00000400  __SYSMEM_SIZE                  
000047f8  __TI_CINIT_Base                
00004808  __TI_CINIT_Limit               
000047e0  __TI_Handler_Table_Base        
000047ec  __TI_Handler_Table_Limit       
00004185  __TI_auto_init_nobinit_nopinit 
00004369  __TI_cleanup                   
200005e0  __TI_cleanup_ptr               
000039bd  __TI_closefile                 
00003b71  __TI_decompress_lzss           
00004607  __TI_decompress_none           
00003fd5  __TI_doflush                   
200005e4  __TI_dtors_ptr                 
200005e8  __TI_enable_exit_profile_output
200005d0  __TI_ft_end                    
ffffffff  __TI_pprof_out_hndl            
000000e5  __TI_printfi                   
ffffffff  __TI_prof_data_size            
ffffffff  __TI_prof_data_start           
0000439d  __TI_readmsg                   
00000000  __TI_static_base__             
20000740  __TI_tmpnams                   
00004289  __TI_writemsg                  
00003d09  __TI_wrt_ok                    
000045e3  __TI_zero_init_nomemset        
000037bd  __aeabi_cdcmpeq                
000037bd  __aeabi_cdcmple                
00003843  __aeabi_cdrcmple               
000040b5  __aeabi_d2iz                   
000026e7  __aeabi_dadd                   
00002b3d  __aeabi_ddiv                   
00002fb9  __aeabi_dmul                   
000026dd  __aeabi_dsub                   
00004625  __aeabi_errno_addr             
00004469  __aeabi_i2d                    
00002893  __aeabi_idiv0                  
00002893  __aeabi_ldiv0                  
000038c9  __aeabi_memclr                 
000038c9  __aeabi_memclr4                
000038c9  __aeabi_memclr8                
000035fd  __aeabi_memcpy                 
000035fd  __aeabi_memcpy4                
000035fd  __aeabi_memcpy8                
000038cb  __aeabi_memset                 
000038cb  __aeabi_memset4                
000038cb  __aeabi_memset8                
200005dc  __aeabi_stderr                 
200005d4  __aeabi_stdin                  
200005d8  __aeabi_stdout                 
00003699  __aeabi_uldivmod               
ffffffff  __binit__                      
ffffffff  __c_args__                     
UNDEFED   __mpu_init                     
2000fe00  __stack                        
000042c1  _c_int00_noargs                
0000463c  _ctypes_                       
200004f0  _device                        
20000400  _ftable                        
20000604  _lock                          
00000b43  _nop                           
20000568  _stream                        
20000000  _sys_memory                    
UNDEFED   _system_post_cinit             
00004635  _system_pre_init               
20000608  _unlock                        
00004639  abort                          
000033f5  add_device                     
00004021  atoi                           
ffffffff  binit                          
00003dcd  close                          
000045a7  copysign                       
000045a7  copysignl                      
00002449  delay                          
20000610  errno                          
0000406d  exit                           
00001823  ferror                         
00001803  fgetc                          
00004439  finddevice                     
20000603  flag                           
00003561  fopen                          
00003731  fputc                          
00002d95  fputs                          
00003191  free                           
000043d1  freopen                        
00003c41  frexp                          
00003c41  frexpl                         
00003ca5  fseek                          
000041c9  getdevice                      
20000602  ii                             
00000000  interruptVectors               
200005fc  l                              
00002ea9  ldexp                          
00002ea9  ldexpl                         
000044c5  lseek                          
00003f2f  ltoa                           
00001155  main                           
00000c05  main1                          
00003945  malloc                         
0000455d  memccpy                        
0000453d  memchr                         
000035fd  memcpy                         
000038d1  memset                         
000042f9  minit                          
00003339  open                           
00001745  outnibble                      
2000081c  parmbuf                        
200007e0  path_maze                      
00003bd9  printf                         
00003731  putc                           
200005fe  r                              
00004499  remove                         
00002ea9  scalbn                         
00002ea9  scalbnl                        
000030b5  setvbuf                        
00004591  strchr                         
00004579  strcmp                         
000045bb  strcpy                         
000045cf  strlen                         
00004331  strncpy                        
00004405  strstr                         
00001841  uart_close                     
000018bf  uart_lseek                     
00001831  uart_open                      
00001853  uart_read                      
000018db  uart_rename                    
000018cf  uart_unlink                    
0000187d  uart_write                     
00004499  unlink                         
000045f5  wcslen                         
00004515  write                          


GLOBAL SYMBOLS: SORTED BY Symbol Address 

address   name                           
-------   ----                           
00000000  __TI_static_base__             
00000000  interruptVectors               
000000e5  __TI_printfi                   
00000200  __STACK_SIZE                   
00000400  __SYSMEM_SIZE                  
00000b43  _nop                           
00000b45  Port2_Init                     
00000b65  Port2_Output                   
00000b79  ReplaceSubStr                  
00000c05  main1                          
00000c45  MOD1                           
0000102d  MOD2                           
00001155  main                           
000012b9  UART0_Init                     
000012ff  UART0_InChar                   
0000130f  UART0_OutChar                  
0000132b  UART0_OutString                
00001349  UART0_InUDec                   
000013cd  UART0_OutUDec                  
00001539  UART0_OutUDec4                 
0000158d  UART0_OutUDec5                 
000015c9  UART0_OutUFix1                 
000015f1  UART0_OutUFix2                 
0000163d  UART0_InUHex                   
00001701  UART0_OutUHex                  
00001745  outnibble                      
0000176d  UART0_OutUHex2                 
00001789  UART0_InString                 
00001803  fgetc                          
00001823  ferror                         
00001831  uart_open                      
00001841  uart_close                     
00001853  uart_read                      
0000187d  uart_write                     
000018bf  uart_lseek                     
000018cf  uart_unlink                    
000018db  uart_rename                    
000018e9  UART0_Initprintf               
00001975  SystemCoreClockUpdate          
00001bed  SystemInit                     
00001f19  PWM_Init1                      
00001f7f  PWM_Init12                     
00002003  PWM_Duty1                      
00002023  PWM_Duty2                      
00002043  PWM_Init34                     
000020c7  PWM_Duty3                      
000020e7  PWM_Duty4                      
00002141  Reflectance_Init               
00002161  Reflectance_Read               
000021b1  Reflectance_Center             
000021f3  Reflectance_Position           
000022c5  Reflectance_Start              
000022f7  Reflectance_End                
0000232d  Clock_Init48MHz                
00002443  Clock_GetFreq                  
00002449  delay                          
00002457  Clock_Delay1us                 
00002481  Clock_Delay1ms                 
000026dd  __aeabi_dsub                   
000026e7  __aeabi_dadd                   
00002893  __aeabi_idiv0                  
00002893  __aeabi_ldiv0                  
00002895  Motor_Init                     
000028e7  Motor_Stop                     
00002907  Motor_Forward                  
00002937  Motor_Right                    
00002971  Motor_Left                     
000029ab  Motor_Backward                 
00002b3d  __aeabi_ddiv                   
00002d95  fputs                          
00002ea9  ldexp                          
00002ea9  ldexpl                         
00002ea9  scalbn                         
00002ea9  scalbnl                        
00002fb9  __aeabi_dmul                   
000030b5  setvbuf                        
00003191  free                           
00003339  open                           
000033f5  add_device                     
00003561  fopen                          
000035fd  __aeabi_memcpy                 
000035fd  __aeabi_memcpy4                
000035fd  __aeabi_memcpy8                
000035fd  memcpy                         
00003699  __aeabi_uldivmod               
00003731  fputc                          
00003731  putc                           
000037bd  __aeabi_cdcmpeq                
000037bd  __aeabi_cdcmple                
00003843  __aeabi_cdrcmple               
000038c9  __aeabi_memclr                 
000038c9  __aeabi_memclr4                
000038c9  __aeabi_memclr8                
000038cb  __aeabi_memset                 
000038cb  __aeabi_memset4                
000038cb  __aeabi_memset8                
000038d1  memset                         
00003945  malloc                         
000039bd  __TI_closefile                 
00003aa1  HOSTlseek                      
00003b09  HOSTrename                     
00003b71  __TI_decompress_lzss           
00003bd9  printf                         
00003c41  frexp                          
00003c41  frexpl                         
00003ca5  fseek                          
00003d09  __TI_wrt_ok                    
00003d6d  HOSTopen                       
00003dcd  close                          
00003e29  HOSTread                       
00003e81  HOSTwrite                      
00003f2f  ltoa                           
00003fd5  __TI_doflush                   
00004021  atoi                           
0000406d  exit                           
000040b5  __aeabi_d2iz                   
000040fd  HOSTclose                      
00004141  HOSTunlink                     
00004185  __TI_auto_init_nobinit_nopinit 
000041c9  getdevice                      
00004289  __TI_writemsg                  
000042b7  C$$IO$$                        
000042c1  _c_int00_noargs                
000042f9  minit                          
00004331  strncpy                        
00004369  __TI_cleanup                   
0000439d  __TI_readmsg                   
000043d1  freopen                        
00004405  strstr                         
00004439  finddevice                     
00004469  __aeabi_i2d                    
00004499  remove                         
00004499  unlink                         
000044c5  lseek                          
00004515  write                          
0000453d  memchr                         
0000455d  memccpy                        
00004579  strcmp                         
00004591  strchr                         
000045a7  copysign                       
000045a7  copysignl                      
000045bb  strcpy                         
000045cf  strlen                         
000045e3  __TI_zero_init_nomemset        
000045f5  wcslen                         
00004607  __TI_decompress_none           
00004615  Reset_Handler                  
00004621  ADC14_IRQHandler               
00004621  AES256_IRQHandler              
00004621  BusFault_Handler               
00004621  COMP_E0_IRQHandler             
00004621  COMP_E1_IRQHandler             
00004621  CS_IRQHandler                  
00004621  DMA_ERR_IRQHandler             
00004621  DMA_INT0_IRQHandler            
00004621  DMA_INT1_IRQHandler            
00004621  DMA_INT2_IRQHandler            
00004621  DMA_INT3_IRQHandler            
00004621  DebugMon_Handler               
00004621  Default_Handler                
00004621  EUSCIA0_IRQHandler             
00004621  EUSCIA1_IRQHandler             
00004621  EUSCIA2_IRQHandler             
00004621  EUSCIA3_IRQHandler             
00004621  EUSCIB0_IRQHandler             
00004621  EUSCIB1_IRQHandler             
00004621  EUSCIB2_IRQHandler             
00004621  EUSCIB3_IRQHandler             
00004621  FLCTL_IRQHandler               
00004621  FPU_IRQHandler                 
00004621  HardFault_Handler              
00004621  MemManage_Handler              
00004621  NMI_Handler                    
00004621  PCM_IRQHandler                 
00004621  PORT1_IRQHandler               
00004621  PORT2_IRQHandler               
00004621  PORT3_IRQHandler               
00004621  PORT4_IRQHandler               
00004621  PORT5_IRQHandler               
00004621  PORT6_IRQHandler               
00004621  PSS_IRQHandler                 
00004621  PendSV_Handler                 
00004621  RTC_C_IRQHandler               
00004621  SVC_Handler                    
00004621  SysTick_Handler                
00004621  T32_INT1_IRQHandler            
00004621  T32_INT2_IRQHandler            
00004621  T32_INTC_IRQHandler            
00004621  TA0_0_IRQHandler               
00004621  TA0_N_IRQHandler               
00004621  TA1_0_IRQHandler               
00004621  TA1_N_IRQHandler               
00004621  TA2_0_IRQHandler               
00004621  TA2_N_IRQHandler               
00004621  TA3_0_IRQHandler               
00004621  TA3_N_IRQHandler               
00004621  UsageFault_Handler             
00004621  WDT_A_IRQHandler               
00004625  __aeabi_errno_addr             
00004635  _system_pre_init               
00004639  C$$EXIT                        
00004639  abort                          
0000463c  _ctypes_                       
000047e0  __TI_Handler_Table_Base        
000047ec  __TI_Handler_Table_Limit       
000047f8  __TI_CINIT_Base                
00004808  __TI_CINIT_Limit               
20000000  _sys_memory                    
20000400  _ftable                        
200004f0  _device                        
20000568  _stream                        
200005b8  ClockFrequency                 
200005bc  Prewait                        
200005c0  CPMwait                        
200005c4  Postwait                       
200005c8  IFlags                         
200005cc  Crystalstable                  
200005d0  __TI_ft_end                    
200005d4  __aeabi_stdin                  
200005d8  __aeabi_stdout                 
200005dc  __aeabi_stderr                 
200005e0  __TI_cleanup_ptr               
200005e4  __TI_dtors_ptr                 
200005e8  __TI_enable_exit_profile_output
200005f8  L                              
200005fa  R                              
200005fc  l                              
200005fe  r                              
20000600  MOD1_Finished                  
20000601  MOD2_Finished                  
20000602  ii                             
20000603  flag                           
20000604  _lock                          
20000608  _unlock                        
20000610  errno                          
2000061c  SystemCoreClock                
20000620  __CIOBUF_                      
20000740  __TI_tmpnams                   
200007e0  path_maze                      
20000814  Messageb                       
2000081c  parmbuf                        
20000824  Messageindexb                  
20000828  Data                           
2000fe00  __stack                        
20010000  __STACK_END                    
4000480c  WDTCTL_SYM                     
ffffffff  __TI_pprof_out_hndl            
ffffffff  __TI_prof_data_size            
ffffffff  __TI_prof_data_start           
ffffffff  __binit__                      
ffffffff  __c_args__                     
ffffffff  binit                          
UNDEFED   __mpu_init                     
UNDEFED   _system_post_cinit             

[254 symbols]
